Archive member included to satisfy reference by file (symbol)

C:/ST/STM32CubeIDE_1.15.1/STM32CubeIDE/plugins/com.st.stm32cube.ide.mcu.externaltools.gnu-tools-for-stm32.12.3.rel1.win32_1.0.100.202403111256/tools/bin/../lib/gcc/arm-none-eabi/12.3.1/../../../../arm-none-eabi/lib/thumb/v7e-m+fp/hard\libc_nano.a(libc_a-exit.o)
                              C:/ST/STM32CubeIDE_1.15.1/STM32CubeIDE/plugins/com.st.stm32cube.ide.mcu.externaltools.gnu-tools-for-stm32.12.3.rel1.win32_1.0.100.202403111256/tools/bin/../lib/gcc/arm-none-eabi/12.3.1/../../../../arm-none-eabi/lib/thumb/v7e-m+fp/hard/crt0.o (exit)
C:/ST/STM32CubeIDE_1.15.1/STM32CubeIDE/plugins/com.st.stm32cube.ide.mcu.externaltools.gnu-tools-for-stm32.12.3.rel1.win32_1.0.100.202403111256/tools/bin/../lib/gcc/arm-none-eabi/12.3.1/../../../../arm-none-eabi/lib/thumb/v7e-m+fp/hard\libc_nano.a(libc_a-findfp.o)
                              C:/ST/STM32CubeIDE_1.15.1/STM32CubeIDE/plugins/com.st.stm32cube.ide.mcu.externaltools.gnu-tools-for-stm32.12.3.rel1.win32_1.0.100.202403111256/tools/bin/../lib/gcc/arm-none-eabi/12.3.1/../../../../arm-none-eabi/lib/thumb/v7e-m+fp/hard\libc_nano.a(libc_a-exit.o) (__stdio_exit_handler)
C:/ST/STM32CubeIDE_1.15.1/STM32CubeIDE/plugins/com.st.stm32cube.ide.mcu.externaltools.gnu-tools-for-stm32.12.3.rel1.win32_1.0.100.202403111256/tools/bin/../lib/gcc/arm-none-eabi/12.3.1/../../../../arm-none-eabi/lib/thumb/v7e-m+fp/hard\libc_nano.a(libc_a-fwalk.o)
                              C:/ST/STM32CubeIDE_1.15.1/STM32CubeIDE/plugins/com.st.stm32cube.ide.mcu.externaltools.gnu-tools-for-stm32.12.3.rel1.win32_1.0.100.202403111256/tools/bin/../lib/gcc/arm-none-eabi/12.3.1/../../../../arm-none-eabi/lib/thumb/v7e-m+fp/hard\libc_nano.a(libc_a-findfp.o) (_fwalk_sglue)
C:/ST/STM32CubeIDE_1.15.1/STM32CubeIDE/plugins/com.st.stm32cube.ide.mcu.externaltools.gnu-tools-for-stm32.12.3.rel1.win32_1.0.100.202403111256/tools/bin/../lib/gcc/arm-none-eabi/12.3.1/../../../../arm-none-eabi/lib/thumb/v7e-m+fp/hard\libc_nano.a(libc_a-stdio.o)
                              C:/ST/STM32CubeIDE_1.15.1/STM32CubeIDE/plugins/com.st.stm32cube.ide.mcu.externaltools.gnu-tools-for-stm32.12.3.rel1.win32_1.0.100.202403111256/tools/bin/../lib/gcc/arm-none-eabi/12.3.1/../../../../arm-none-eabi/lib/thumb/v7e-m+fp/hard\libc_nano.a(libc_a-findfp.o) (__sread)
C:/ST/STM32CubeIDE_1.15.1/STM32CubeIDE/plugins/com.st.stm32cube.ide.mcu.externaltools.gnu-tools-for-stm32.12.3.rel1.win32_1.0.100.202403111256/tools/bin/../lib/gcc/arm-none-eabi/12.3.1/../../../../arm-none-eabi/lib/thumb/v7e-m+fp/hard\libc_nano.a(libc_a-memset.o)
                              C:/ST/STM32CubeIDE_1.15.1/STM32CubeIDE/plugins/com.st.stm32cube.ide.mcu.externaltools.gnu-tools-for-stm32.12.3.rel1.win32_1.0.100.202403111256/tools/bin/../lib/gcc/arm-none-eabi/12.3.1/../../../../arm-none-eabi/lib/thumb/v7e-m+fp/hard/crt0.o (memset)
C:/ST/STM32CubeIDE_1.15.1/STM32CubeIDE/plugins/com.st.stm32cube.ide.mcu.externaltools.gnu-tools-for-stm32.12.3.rel1.win32_1.0.100.202403111256/tools/bin/../lib/gcc/arm-none-eabi/12.3.1/../../../../arm-none-eabi/lib/thumb/v7e-m+fp/hard\libc_nano.a(libc_a-closer.o)
                              C:/ST/STM32CubeIDE_1.15.1/STM32CubeIDE/plugins/com.st.stm32cube.ide.mcu.externaltools.gnu-tools-for-stm32.12.3.rel1.win32_1.0.100.202403111256/tools/bin/../lib/gcc/arm-none-eabi/12.3.1/../../../../arm-none-eabi/lib/thumb/v7e-m+fp/hard\libc_nano.a(libc_a-stdio.o) (_close_r)
C:/ST/STM32CubeIDE_1.15.1/STM32CubeIDE/plugins/com.st.stm32cube.ide.mcu.externaltools.gnu-tools-for-stm32.12.3.rel1.win32_1.0.100.202403111256/tools/bin/../lib/gcc/arm-none-eabi/12.3.1/../../../../arm-none-eabi/lib/thumb/v7e-m+fp/hard\libc_nano.a(libc_a-reent.o)
                              C:/ST/STM32CubeIDE_1.15.1/STM32CubeIDE/plugins/com.st.stm32cube.ide.mcu.externaltools.gnu-tools-for-stm32.12.3.rel1.win32_1.0.100.202403111256/tools/bin/../lib/gcc/arm-none-eabi/12.3.1/../../../../arm-none-eabi/lib/thumb/v7e-m+fp/hard\libc_nano.a(libc_a-closer.o) (errno)
C:/ST/STM32CubeIDE_1.15.1/STM32CubeIDE/plugins/com.st.stm32cube.ide.mcu.externaltools.gnu-tools-for-stm32.12.3.rel1.win32_1.0.100.202403111256/tools/bin/../lib/gcc/arm-none-eabi/12.3.1/../../../../arm-none-eabi/lib/thumb/v7e-m+fp/hard\libc_nano.a(libc_a-impure.o)
                              C:/ST/STM32CubeIDE_1.15.1/STM32CubeIDE/plugins/com.st.stm32cube.ide.mcu.externaltools.gnu-tools-for-stm32.12.3.rel1.win32_1.0.100.202403111256/tools/bin/../lib/gcc/arm-none-eabi/12.3.1/../../../../arm-none-eabi/lib/thumb/v7e-m+fp/hard\libc_nano.a(libc_a-reent.o) (_impure_ptr)
C:/ST/STM32CubeIDE_1.15.1/STM32CubeIDE/plugins/com.st.stm32cube.ide.mcu.externaltools.gnu-tools-for-stm32.12.3.rel1.win32_1.0.100.202403111256/tools/bin/../lib/gcc/arm-none-eabi/12.3.1/../../../../arm-none-eabi/lib/thumb/v7e-m+fp/hard\libc_nano.a(libc_a-lseekr.o)
[...]
Memory Configuration

Name             Origin             Length             Attributes
CCMRAM           0x10000000         0x00010000         xrw
RAM              0x20000000         0x00030000         xrw
FLASH            0x08000000         0x00200000         xr
*default*        0x00000000         0xffffffff

Linker script and memory map

LOAD C:/ST/STM32CubeIDE_1.15.1/STM32CubeIDE/plugins/com.st.stm32cube.ide.mcu.externaltools.gnu-tools-for-stm32.12.3.rel1.win32_1.0.100.202403111256/tools/bin/../lib/gcc/arm-none-eabi/12.3.1/thumb/v7e-m+fp/hard/crti.o
LOAD C:/ST/STM32CubeIDE_1.15.1/STM32CubeIDE/plugins/com.st.stm32cube.ide.mcu.externaltools.gnu-tools-for-stm32.12.3.rel1.win32_1.0.100.202403111256/tools/bin/../lib/gcc/arm-none-eabi/12.3.1/thumb/v7e-m+fp/hard/crtbegin.o
LOAD C:/ST/STM32CubeIDE_1.15.1/STM32CubeIDE/plugins/com.st.stm32cube.ide.mcu.externaltools.gnu-tools-for-stm32.12.3.rel1.win32_1.0.100.202403111256/tools/bin/../lib/gcc/arm-none-eabi/12.3.1/../../../../arm-none-eabi/lib/thumb/v7e-m+fp/hard/crt0.o
LOAD ./Core/Src/adc.o
LOAD ./Core/Src/adc_port.o
LOAD ./Core/Src/dac_port.o
LOAD ./Core/Src/filter.o
LOAD ./Core/Src/hw_init.o
LOAD ./Core/Src/main.o
LOAD ./Core/Src/stm32f4xx_hal_msp.o
LOAD ./Core/Src/stm32f4xx_it.o
LOAD ./Core/Src/syscalls.o
LOAD ./Core/Src/sysmem.o
LOAD ./Core/Src/system_stm32f4xx.o
LOAD ./Core/Startup/startup_stm32f429zitx.o
LOAD ./Drivers/CMSIS/DSP/Source/BasicMathFunctions/arm_abs_f32.o
LOAD ./Drivers/CMSIS/DSP/Source/BasicMathFunctions/arm_abs_q15.o
LOAD ./Drivers/CMSIS/DSP/Source/BasicMathFunctions/arm_abs_q31.o
LOAD ./Drivers/CMSIS/DSP/Source/BasicMathFunctions/arm_abs_q7.o
LOAD ./Drivers/CMSIS/DSP/Source/BasicMathFunctions/arm_add_f32.o
LOAD ./Drivers/CMSIS/DSP/Source/BasicMathFunctions/arm_add_q15.o
LOAD ./Drivers/CMSIS/DSP/Source/BasicMathFunctions/arm_add_q31.o
LOAD ./Drivers/CMSIS/DSP/Source/BasicMathFunctions/arm_add_q7.o
LOAD ./Drivers/CMSIS/DSP/Source/BasicMathFunctions/arm_dot_prod_f32.o
LOAD ./Drivers/CMSIS/DSP/Source/BasicMathFunctions/arm_dot_prod_q15.o
LOAD ./Drivers/CMSIS/DSP/Source/BasicMathFunctions/arm_dot_prod_q31.o
LOAD ./Drivers/CMSIS/DSP/Source/BasicMathFunctions/arm_dot_prod_q7.o
LOAD ./Drivers/CMSIS/DSP/Source/BasicMathFunctions/arm_mult_f32.o
LOAD ./Drivers/CMSIS/DSP/Source/BasicMathFunctions/arm_mult_q15.o
LOAD ./Drivers/CMSIS/DSP/Source/BasicMathFunctions/arm_mult_q31.o
LOAD ./Drivers/CMSIS/DSP/Source/BasicMathFunctions/arm_mult_q7.o
LOAD ./Drivers/CMSIS/DSP/Source/BasicMathFunctions/arm_negate_f32.o
LOAD ./Drivers/CMSIS/DSP/Source/BasicMathFunctions/arm_negate_q15.o
LOAD ./Drivers/CMSIS/DSP/Source/BasicMathFunctions/arm_negate_q31.o
LOAD ./Drivers/CMSIS/DSP/Source/BasicMathFunctions/arm_negate_q7.o
LOAD ./Drivers/CMSIS/DSP/Source/BasicMathFunctions/arm_offset_f32.o
LOAD ./Drivers/CMSIS/DSP/Source/BasicMathFunctions/arm_offset_q15.o
LOAD ./Drivers/CMSIS/DSP/Source/BasicMathFunctions/arm_offset_q31.o
LOAD ./Drivers/CMSIS/DSP/Source/BasicMathFunctions/arm_offset_q7.o
LOAD ./Drivers/CMSIS/DSP/Source/BasicMathFunctions/arm_scale_f32.o
LOAD ./Drivers/CMSIS/DSP/Source/BasicMathFunctions/arm_scale_q15.o
LOAD ./Drivers/CMSIS/DSP/Source/BasicMathFunctions/arm_scale_q31.o
LOAD ./Drivers/CMSIS/DSP/Source/BasicMathFunctions/arm_scale_q7.o
LOAD ./Drivers/CMSIS/DSP/Source/BasicMathFunctions/arm_shift_q15.o
LOAD ./Drivers/CMSIS/DSP/Source/BasicMathFunctions/arm_shift_q31.o
LOAD ./Drivers/CMSIS/DSP/Source/BasicMathFunctions/arm_shift_q7.o
LOAD ./Drivers/CMSIS/DSP/Source/BasicMathFunctions/arm_sub_f32.o
LOAD ./Drivers/CMSIS/DSP/Source/BasicMathFunctions/arm_sub_q15.o
LOAD ./Drivers/CMSIS/DSP/Source/BasicMathFunctions/arm_sub_q31.o
LOAD ./Drivers/CMSIS/DSP/Source/BasicMathFunctions/arm_sub_q7.o
LOAD ./Drivers/CMSIS/DSP/Source/CommonTables/arm_common_tables.o
LOAD ./Drivers/CMSIS/DSP/Source/CommonTables/arm_const_structs.o
LOAD ./Drivers/CMSIS/DSP/Source/ComplexMathFunctions/arm_cmplx_conj_f32.o
LOAD ./Drivers/CMSIS/DSP/Source/ComplexMathFunctions/arm_cmplx_conj_q15.o
LOAD ./Drivers/CMSIS/DSP/Source/ComplexMathFunctions/arm_cmplx_conj_q31.o
LOAD ./Drivers/CMSIS/DSP/Source/ComplexMathFunctions/arm_cmplx_dot_prod_f32.o
LOAD ./Drivers/CMSIS/DSP/Source/ComplexMathFunctions/arm_cmplx_dot_prod_q15.o
LOAD ./Drivers/CMSIS/DSP/Source/ComplexMathFunctions/arm_cmplx_dot_prod_q31.o
LOAD ./Drivers/CMSIS/DSP/Source/ComplexMathFunctions/arm_cmplx_mag_f32.o
LOAD ./Drivers/CMSIS/DSP/Source/ComplexMathFunctions/arm_cmplx_mag_q15.o
LOAD ./Drivers/CMSIS/DSP/Source/ComplexMathFunctions/arm_cmplx_mag_q31.o
LOAD ./Drivers/CMSIS/DSP/Source/ComplexMathFunctions/arm_cmplx_mag_squared_f32.o
LOAD ./Drivers/CMSIS/DSP/Source/ComplexMathFunctions/arm_cmplx_mag_squared_q15.o
LOAD ./Drivers/CMSIS/DSP/Source/ComplexMathFunctions/arm_cmplx_mag_squared_q31.o
LOAD ./Drivers/CMSIS/DSP/Source/ComplexMathFunctions/arm_cmplx_mult_cmplx_f32.o
LOAD ./Drivers/CMSIS/DSP/Source/ComplexMathFunctions/arm_cmplx_mult_cmplx_q15.o
LOAD ./Drivers/CMSIS/DSP/Source/ComplexMathFunctions/arm_cmplx_mult_cmplx_q31.o
LOAD ./Drivers/CMSIS/DSP/Source/ComplexMathFunctions/arm_cmplx_mult_real_f32.o
LOAD ./Drivers/CMSIS/DSP/Source/ComplexMathFunctions/arm_cmplx_mult_real_q15.o
LOAD ./Drivers/CMSIS/DSP/Source/ComplexMathFunctions/arm_cmplx_mult_real_q31.o
LOAD ./Drivers/CMSIS/DSP/Source/ControllerFunctions/arm_pid_init_f32.o
LOAD ./Drivers/CMSIS/DSP/Source/ControllerFunctions/arm_pid_init_q15.o
LOAD ./Drivers/CMSIS/DSP/Source/ControllerFunctions/arm_pid_init_q31.o
LOAD ./Drivers/CMSIS/DSP/Source/ControllerFunctions/arm_pid_reset_f32.o
LOAD ./Drivers/CMSIS/DSP/Source/ControllerFunctions/arm_pid_reset_q15.o
LOAD ./Drivers/CMSIS/DSP/Source/ControllerFunctions/arm_pid_reset_q31.o
LOAD ./Drivers/CMSIS/DSP/Source/ControllerFunctions/arm_sin_cos_f32.o
LOAD ./Drivers/CMSIS/DSP/Source/ControllerFunctions/arm_sin_cos_q31.o
LOAD ./Drivers/CMSIS/DSP/Source/FastMathFunctions/arm_cos_f32.o
LOAD ./Drivers/CMSIS/DSP/Source/FastMathFunctions/arm_cos_q15.o
LOAD ./Drivers/CMSIS/DSP/Source/FastMathFunctions/arm_cos_q31.o
LOAD ./Drivers/CMSIS/DSP/Source/FastMathFunctions/arm_sin_f32.o
LOAD ./Drivers/CMSIS/DSP/Source/FastMathFunctions/arm_sin_q15.o
LOAD ./Drivers/CMSIS/DSP/Source/FastMathFunctions/arm_sin_q31.o
LOAD ./Drivers/CMSIS/DSP/Source/FastMathFunctions/arm_sqrt_q15.o
LOAD ./Drivers/CMSIS/DSP/Source/FastMathFunctions/arm_sqrt_q31.o
LOAD ./Drivers/CMSIS/DSP/Source/FilteringFunctions/arm_biquad_cascade_df1_32x64_init_q31.o
LOAD ./Drivers/CMSIS/DSP/Source/FilteringFunctions/arm_biquad_cascade_df1_32x64_q31.o
LOAD ./Drivers/CMSIS/DSP/Source/FilteringFunctions/arm_biquad_cascade_df1_f32.o
LOAD ./Drivers/CMSIS/DSP/Source/FilteringFunctions/arm_biquad_cascade_df1_fast_q15.o
LOAD ./Drivers/CMSIS/DSP/Source/FilteringFunctions/arm_biquad_cascade_df1_fast_q31.o
LOAD ./Drivers/CMSIS/DSP/Source/FilteringFunctions/arm_biquad_cascade_df1_init_f32.o
LOAD ./Drivers/CMSIS/DSP/Source/FilteringFunctions/arm_biquad_cascade_df1_init_q15.o
LOAD ./Drivers/CMSIS/DSP/Source/FilteringFunctions/arm_biquad_cascade_df1_init_q31.o
LOAD ./Drivers/CMSIS/DSP/Source/FilteringFunctions/arm_biquad_cascade_df1_q15.o
LOAD ./Drivers/CMSIS/DSP/Source/FilteringFunctions/arm_biquad_cascade_df1_q31.o
LOAD ./Drivers/CMSIS/DSP/Source/FilteringFunctions/arm_biquad_cascade_df2T_f32.o
LOAD ./Drivers/CMSIS/DSP/Source/FilteringFunctions/arm_biquad_cascade_df2T_f64.o
LOAD ./Drivers/CMSIS/DSP/Source/FilteringFunctions/arm_biquad_cascade_df2T_init_f32.o
LOAD ./Drivers/CMSIS/DSP/Source/FilteringFunctions/arm_biquad_cascade_df2T_init_f64.o
LOAD ./Drivers/CMSIS/DSP/Source/FilteringFunctions/arm_biquad_cascade_stereo_df2T_f32.o
LOAD ./Drivers/CMSIS/DSP/Source/FilteringFunctions/arm_biquad_cascade_stereo_df2T_init_f32.o
LOAD ./Drivers/CMSIS/DSP/Source/FilteringFunctions/arm_conv_f32.o
LOAD ./Drivers/CMSIS/DSP/Source/FilteringFunctions/arm_conv_fast_opt_q15.o
LOAD ./Drivers/CMSIS/DSP/Source/FilteringFunctions/arm_conv_fast_q15.o
LOAD ./Drivers/CMSIS/DSP/Source/FilteringFunctions/arm_conv_fast_q31.o
LOAD ./Drivers/CMSIS/DSP/Source/FilteringFunctions/arm_conv_opt_q15.o
LOAD ./Drivers/CMSIS/DSP/Source/FilteringFunctions/arm_conv_opt_q7.o
LOAD ./Drivers/CMSIS/DSP/Source/FilteringFunctions/arm_conv_partial_f32.o
LOAD ./Drivers/CMSIS/DSP/Source/FilteringFunctions/arm_conv_partial_fast_opt_q15.o
LOAD ./Drivers/CMSIS/DSP/Source/FilteringFunctions/arm_conv_partial_fast_q15.o
LOAD ./Drivers/CMSIS/DSP/Source/FilteringFunctions/arm_conv_partial_fast_q31.o
LOAD ./Drivers/CMSIS/DSP/Source/FilteringFunctions/arm_conv_partial_opt_q15.o
LOAD ./Drivers/CMSIS/DSP/Source/FilteringFunctions/arm_conv_partial_opt_q7.o
LOAD ./Drivers/CMSIS/DSP/Source/FilteringFunctions/arm_conv_partial_q15.o
LOAD ./Drivers/CMSIS/DSP/Source/FilteringFunctions/arm_conv_partial_q31.o
LOAD ./Drivers/CMSIS/DSP/Source/FilteringFunctions/arm_conv_partial_q7.o
LOAD ./Drivers/CMSIS/DSP/Source/FilteringFunctions/arm_conv_q15.o
LOAD ./Drivers/CMSIS/DSP/Source/FilteringFunctions/arm_conv_q31.o
LOAD ./Drivers/CMSIS/DSP/Source/FilteringFunctions/arm_conv_q7.o
LOAD ./Drivers/CMSIS/DSP/Source/FilteringFunctions/arm_correlate_f32.o
LOAD ./Drivers/CMSIS/DSP/Source/FilteringFunctions/arm_correlate_fast_opt_q15.o
LOAD ./Drivers/CMSIS/DSP/Source/FilteringFunctions/arm_correlate_fast_q15.o
LOAD ./Drivers/CMSIS/DSP/Source/FilteringFunctions/arm_correlate_fast_q31.o
LOAD ./Drivers/CMSIS/DSP/Source/FilteringFunctions/arm_correlate_opt_q15.o
LOAD ./Drivers/CMSIS/DSP/Source/FilteringFunctions/arm_correlate_opt_q7.o
LOAD ./Drivers/CMSIS/DSP/Source/FilteringFunctions/arm_correlate_q15.o
LOAD ./Drivers/CMSIS/DSP/Source/FilteringFunctions/arm_correlate_q31.o
LOAD ./Drivers/CMSIS/DSP/Source/FilteringFunctions/arm_correlate_q7.o
LOAD ./Drivers/CMSIS/DSP/Source/FilteringFunctions/arm_fir_decimate_f32.o
LOAD ./Drivers/CMSIS/DSP/Source/FilteringFunctions/arm_fir_decimate_fast_q15.o
LOAD ./Drivers/CMSIS/DSP/Source/FilteringFunctions/arm_fir_decimate_fast_q31.o
LOAD ./Drivers/CMSIS/DSP/Source/FilteringFunctions/arm_fir_decimate_init_f32.o
LOAD ./Drivers/CMSIS/DSP/Source/FilteringFunctions/arm_fir_decimate_init_q15.o
LOAD ./Drivers/CMSIS/DSP/Source/FilteringFunctions/arm_fir_decimate_init_q31.o
LOAD ./Drivers/CMSIS/DSP/Source/FilteringFunctions/arm_fir_decimate_q15.o
LOAD ./Drivers/CMSIS/DSP/Source/FilteringFunctions/arm_fir_decimate_q31.o
LOAD ./Drivers/CMSIS/DSP/Source/FilteringFunctions/arm_fir_f32.o
LOAD ./Drivers/CMSIS/DSP/Source/FilteringFunctions/arm_fir_fast_q15.o
LOAD ./Drivers/CMSIS/DSP/Source/FilteringFunctions/arm_fir_fast_q31.o
LOAD ./Drivers/CMSIS/DSP/Source/FilteringFunctions/arm_fir_init_f32.o
LOAD ./Drivers/CMSIS/DSP/Source/FilteringFunctions/arm_fir_init_q15.o
LOAD ./Drivers/CMSIS/DSP/Source/FilteringFunctions/arm_fir_init_q31.o
LOAD ./Drivers/CMSIS/DSP/Source/FilteringFunctions/arm_fir_init_q7.o
LOAD ./Drivers/CMSIS/DSP/Source/FilteringFunctions/arm_fir_interpolate_f32.o
LOAD ./Drivers/CMSIS/DSP/Source/FilteringFunctions/arm_fir_interpolate_init_f32.o
LOAD ./Drivers/CMSIS/DSP/Source/FilteringFunctions/arm_fir_interpolate_init_q15.o
LOAD ./Drivers/CMSIS/DSP/Source/FilteringFunctions/arm_fir_interpolate_init_q31.o
LOAD ./Drivers/CMSIS/DSP/Source/FilteringFunctions/arm_fir_interpolate_q15.o
LOAD ./Drivers/CMSIS/DSP/Source/FilteringFunctions/arm_fir_interpolate_q31.o
LOAD ./Drivers/CMSIS/DSP/Source/FilteringFunctions/arm_fir_lattice_f32.o
LOAD ./Drivers/CMSIS/DSP/Source/FilteringFunctions/arm_fir_lattice_init_f32.o
LOAD ./Drivers/CMSIS/DSP/Source/FilteringFunctions/arm_fir_lattice_init_q15.o
LOAD ./Drivers/CMSIS/DSP/Source/FilteringFunctions/arm_fir_lattice_init_q31.o
LOAD ./Drivers/CMSIS/DSP/Source/FilteringFunctions/arm_fir_lattice_q15.o
LOAD ./Drivers/CMSIS/DSP/Source/FilteringFunctions/arm_fir_lattice_q31.o
LOAD ./Drivers/CMSIS/DSP/Source/FilteringFunctions/arm_fir_q15.o
LOAD ./Drivers/CMSIS/DSP/Source/FilteringFunctions/arm_fir_q31.o
LOAD ./Drivers/CMSIS/DSP/Source/FilteringFunctions/arm_fir_q7.o
LOAD ./Drivers/CMSIS/DSP/Source/FilteringFunctions/arm_fir_sparse_f32.o
LOAD ./Drivers/CMSIS/DSP/Source/FilteringFunctions/arm_fir_sparse_init_f32.o
LOAD ./Drivers/CMSIS/DSP/Source/FilteringFunctions/arm_fir_sparse_init_q15.o
LOAD ./Drivers/CMSIS/DSP/Source/FilteringFunctions/arm_fir_sparse_init_q31.o
LOAD ./Drivers/CMSIS/DSP/Source/FilteringFunctions/arm_fir_sparse_init_q7.o
LOAD ./Drivers/CMSIS/DSP/Source/FilteringFunctions/arm_fir_sparse_q15.o
LOAD ./Drivers/CMSIS/DSP/Source/FilteringFunctions/arm_fir_sparse_q31.o
LOAD ./Drivers/CMSIS/DSP/Source/FilteringFunctions/arm_fir_sparse_q7.o
LOAD ./Drivers/CMSIS/DSP/Source/FilteringFunctions/arm_iir_lattice_f32.o
LOAD ./Drivers/CMSIS/DSP/Source/FilteringFunctions/arm_iir_lattice_init_f32.o
LOAD ./Drivers/CMSIS/DSP/Source/FilteringFunctions/arm_iir_lattice_init_q15.o
LOAD ./Drivers/CMSIS/DSP/Source/FilteringFunctions/arm_iir_lattice_init_q31.o
LOAD ./Drivers/CMSIS/DSP/Source/FilteringFunctions/arm_iir_lattice_q15.o
LOAD ./Drivers/CMSIS/DSP/Source/FilteringFunctions/arm_iir_lattice_q31.o
LOAD ./Drivers/CMSIS/DSP/Source/FilteringFunctions/arm_lms_f32.o
LOAD ./Drivers/CMSIS/DSP/Source/FilteringFunctions/arm_lms_init_f32.o
LOAD ./Drivers/CMSIS/DSP/Source/FilteringFunctions/arm_lms_init_q15.o
LOAD ./Drivers/CMSIS/DSP/Source/FilteringFunctions/arm_lms_init_q31.o
LOAD ./Drivers/CMSIS/DSP/Source/FilteringFunctions/arm_lms_norm_f32.o
LOAD ./Drivers/CMSIS/DSP/Source/FilteringFunctions/arm_lms_norm_init_f32.o
LOAD ./Drivers/CMSIS/DSP/Source/FilteringFunctions/arm_lms_norm_init_q15.o
LOAD ./Drivers/CMSIS/DSP/Source/FilteringFunctions/arm_lms_norm_init_q31.o
LOAD ./Drivers/CMSIS/DSP/Source/FilteringFunctions/arm_lms_norm_q15.o
LOAD ./Drivers/CMSIS/DSP/Source/FilteringFunctions/arm_lms_norm_q31.o
LOAD ./Drivers/CMSIS/DSP/Source/FilteringFunctions/arm_lms_q15.o
LOAD ./Drivers/CMSIS/DSP/Source/FilteringFunctions/arm_lms_q31.o
LOAD ./Drivers/CMSIS/DSP/Source/MatrixFunctions/arm_mat_add_f32.o
LOAD ./Drivers/CMSIS/DSP/Source/MatrixFunctions/arm_mat_add_q15.o
LOAD ./Drivers/CMSIS/DSP/Source/MatrixFunctions/arm_mat_add_q31.o
LOAD ./Drivers/CMSIS/DSP/Source/MatrixFunctions/arm_mat_cmplx_mult_f32.o
LOAD ./Drivers/CMSIS/DSP/Source/MatrixFunctions/arm_mat_cmplx_mult_q15.o
LOAD ./Drivers/CMSIS/DSP/Source/MatrixFunctions/arm_mat_cmplx_mult_q31.o
LOAD ./Drivers/CMSIS/DSP/Source/MatrixFunctions/arm_mat_init_f32.o
LOAD ./Drivers/CMSIS/DSP/Source/MatrixFunctions/arm_mat_init_q15.o
LOAD ./Drivers/CMSIS/DSP/Source/MatrixFunctions/arm_mat_init_q31.o
LOAD ./Drivers/CMSIS/DSP/Source/MatrixFunctions/arm_mat_inverse_f32.o
LOAD ./Drivers/CMSIS/DSP/Source/MatrixFunctions/arm_mat_inverse_f64.o
LOAD ./Drivers/CMSIS/DSP/Source/MatrixFunctions/arm_mat_mult_f32.o
LOAD ./Drivers/CMSIS/DSP/Source/MatrixFunctions/arm_mat_mult_fast_q15.o
LOAD ./Drivers/CMSIS/DSP/Source/MatrixFunctions/arm_mat_mult_fast_q31.o
LOAD ./Drivers/CMSIS/DSP/Source/MatrixFunctions/arm_mat_mult_q15.o
LOAD ./Drivers/CMSIS/DSP/Source/MatrixFunctions/arm_mat_mult_q31.o
LOAD ./Drivers/CMSIS/DSP/Source/MatrixFunctions/arm_mat_scale_f32.o
LOAD ./Drivers/CMSIS/DSP/Source/MatrixFunctions/arm_mat_scale_q15.o
LOAD ./Drivers/CMSIS/DSP/Source/MatrixFunctions/arm_mat_scale_q31.o
LOAD ./Drivers/CMSIS/DSP/Source/MatrixFunctions/arm_mat_sub_f32.o
LOAD ./Drivers/CMSIS/DSP/Source/MatrixFunctions/arm_mat_sub_q15.o
LOAD ./Drivers/CMSIS/DSP/Source/MatrixFunctions/arm_mat_sub_q31.o
LOAD ./Drivers/CMSIS/DSP/Source/MatrixFunctions/arm_mat_trans_f32.o
LOAD ./Drivers/CMSIS/DSP/Source/MatrixFunctions/arm_mat_trans_q15.o
LOAD ./Drivers/CMSIS/DSP/Source/MatrixFunctions/arm_mat_trans_q31.o
LOAD ./Drivers/CMSIS/DSP/Source/StatisticsFunctions/arm_max_f32.o
LOAD ./Drivers/CMSIS/DSP/Source/StatisticsFunctions/arm_max_q15.o
LOAD ./Drivers/CMSIS/DSP/Source/StatisticsFunctions/arm_max_q31.o
LOAD ./Drivers/CMSIS/DSP/Source/StatisticsFunctions/arm_max_q7.o
LOAD ./Drivers/CMSIS/DSP/Source/StatisticsFunctions/arm_mean_f32.o
LOAD ./Drivers/CMSIS/DSP/Source/StatisticsFunctions/arm_mean_q15.o
LOAD ./Drivers/CMSIS/DSP/Source/StatisticsFunctions/arm_mean_q31.o
LOAD ./Drivers/CMSIS/DSP/Source/StatisticsFunctions/arm_mean_q7.o
LOAD ./Drivers/CMSIS/DSP/Source/StatisticsFunctions/arm_min_f32.o
LOAD ./Drivers/CMSIS/DSP/Source/StatisticsFunctions/arm_min_q15.o
LOAD ./Drivers/CMSIS/DSP/Source/StatisticsFunctions/arm_min_q31.o
LOAD ./Drivers/CMSIS/DSP/Source/StatisticsFunctions/arm_min_q7.o
LOAD ./Drivers/CMSIS/DSP/Source/StatisticsFunctions/arm_power_f32.o
LOAD ./Drivers/CMSIS/DSP/Source/StatisticsFunctions/arm_power_q15.o
LOAD ./Drivers/CMSIS/DSP/Source/StatisticsFunctions/arm_power_q31.o
LOAD ./Drivers/CMSIS/DSP/Source/StatisticsFunctions/arm_power_q7.o
LOAD ./Drivers/CMSIS/DSP/Source/StatisticsFunctions/arm_rms_f32.o
LOAD ./Drivers/CMSIS/DSP/Source/StatisticsFunctions/arm_rms_q15.o
LOAD ./Drivers/CMSIS/DSP/Source/StatisticsFunctions/arm_rms_q31.o
LOAD ./Drivers/CMSIS/DSP/Source/StatisticsFunctions/arm_std_f32.o
LOAD ./Drivers/CMSIS/DSP/Source/StatisticsFunctions/arm_std_q15.o
LOAD ./Drivers/CMSIS/DSP/Source/StatisticsFunctions/arm_std_q31.o
LOAD ./Drivers/CMSIS/DSP/Source/StatisticsFunctions/arm_var_f32.o
LOAD ./Drivers/CMSIS/DSP/Source/StatisticsFunctions/arm_var_q15.o
LOAD ./Drivers/CMSIS/DSP/Source/StatisticsFunctions/arm_var_q31.o
LOAD ./Drivers/CMSIS/DSP/Source/SupportFunctions/arm_copy_f32.o
LOAD ./Drivers/CMSIS/DSP/Source/SupportFunctions/arm_copy_q15.o
LOAD ./Drivers/CMSIS/DSP/Source/SupportFunctions/arm_copy_q31.o
LOAD ./Drivers/CMSIS/DSP/Source/SupportFunctions/arm_copy_q7.o
LOAD ./Drivers/CMSIS/DSP/Source/SupportFunctions/arm_fill_f32.o
LOAD ./Drivers/CMSIS/DSP/Source/SupportFunctions/arm_fill_q15.o
LOAD ./Drivers/CMSIS/DSP/Source/SupportFunctions/arm_fill_q31.o
LOAD ./Drivers/CMSIS/DSP/Source/SupportFunctions/arm_fill_q7.o
LOAD ./Drivers/CMSIS/DSP/Source/SupportFunctions/arm_float_to_q15.o
LOAD ./Drivers/CMSIS/DSP/Source/SupportFunctions/arm_float_to_q31.o
LOAD ./Drivers/CMSIS/DSP/Source/SupportFunctions/arm_float_to_q7.o
LOAD ./Drivers/CMSIS/DSP/Source/SupportFunctions/arm_q15_to_float.o
LOAD ./Drivers/CMSIS/DSP/Source/SupportFunctions/arm_q15_to_q31.o
LOAD ./Drivers/CMSIS/DSP/Source/SupportFunctions/arm_q15_to_q7.o
LOAD ./Drivers/CMSIS/DSP/Source/SupportFunctions/arm_q31_to_float.o
LOAD ./Drivers/CMSIS/DSP/Source/SupportFunctions/arm_q31_to_q15.o
LOAD ./Drivers/CMSIS/DSP/Source/SupportFunctions/arm_q31_to_q7.o
LOAD ./Drivers/CMSIS/DSP/Source/SupportFunctions/arm_q7_to_float.o
LOAD ./Drivers/CMSIS/DSP/Source/SupportFunctions/arm_q7_to_q15.o
LOAD ./Drivers/CMSIS/DSP/Source/SupportFunctions/arm_q7_to_q31.o
LOAD ./Drivers/CMSIS/DSP/Source/TransformFunctions/arm_bitreversal.o
LOAD ./Drivers/CMSIS/DSP/Source/TransformFunctions/arm_bitreversal2.o
LOAD ./Drivers/CMSIS/DSP/Source/TransformFunctions/arm_cfft_f32.o
LOAD ./Drivers/CMSIS/DSP/Source/TransformFunctions/arm_cfft_q15.o
LOAD ./Drivers/CMSIS/DSP/Source/TransformFunctions/arm_cfft_q31.o
LOAD ./Drivers/CMSIS/DSP/Source/TransformFunctions/arm_cfft_radix2_f32.o
LOAD ./Drivers/CMSIS/DSP/Source/TransformFunctions/arm_cfft_radix2_init_f32.o
LOAD ./Drivers/CMSIS/DSP/Source/TransformFunctions/arm_cfft_radix2_init_q15.o
LOAD ./Drivers/CMSIS/DSP/Source/TransformFunctions/arm_cfft_radix2_init_q31.o
LOAD ./Drivers/CMSIS/DSP/Source/TransformFunctions/arm_cfft_radix2_q15.o
LOAD ./Drivers/CMSIS/DSP/Source/TransformFunctions/arm_cfft_radix2_q31.o
LOAD ./Drivers/CMSIS/DSP/Source/TransformFunctions/arm_cfft_radix4_f32.o
LOAD ./Drivers/CMSIS/DSP/Source/TransformFunctions/arm_cfft_radix4_init_f32.o
LOAD ./Drivers/CMSIS/DSP/Source/TransformFunctions/arm_cfft_radix4_init_q15.o
LOAD ./Drivers/CMSIS/DSP/Source/TransformFunctions/arm_cfft_radix4_init_q31.o
LOAD ./Drivers/CMSIS/DSP/Source/TransformFunctions/arm_cfft_radix4_q15.o
LOAD ./Drivers/CMSIS/DSP/Source/TransformFunctions/arm_cfft_radix4_q31.o
LOAD ./Drivers/CMSIS/DSP/Source/TransformFunctions/arm_cfft_radix8_f32.o
LOAD ./Drivers/CMSIS/DSP/Source/TransformFunctions/arm_dct4_f32.o
LOAD ./Drivers/CMSIS/DSP/Source/TransformFunctions/arm_dct4_init_f32.o
LOAD ./Drivers/CMSIS/DSP/Source/TransformFunctions/arm_dct4_init_q15.o
LOAD ./Drivers/CMSIS/DSP/Source/TransformFunctions/arm_dct4_init_q31.o
LOAD ./Drivers/CMSIS/DSP/Source/TransformFunctions/arm_dct4_q15.o
LOAD ./Drivers/CMSIS/DSP/Source/TransformFunctions/arm_dct4_q31.o
LOAD ./Drivers/CMSIS/DSP/Source/TransformFunctions/arm_rfft_f32.o
LOAD ./Drivers/CMSIS/DSP/Source/TransformFunctions/arm_rfft_fast_f32.o
LOAD ./Drivers/CMSIS/DSP/Source/TransformFunctions/arm_rfft_fast_init_f32.o
LOAD ./Drivers/CMSIS/DSP/Source/TransformFunctions/arm_rfft_init_f32.o
LOAD ./Drivers/CMSIS/DSP/Source/TransformFunctions/arm_rfft_init_q15.o
LOAD ./Drivers/CMSIS/DSP/Source/TransformFunctions/arm_rfft_init_q31.o
LOAD ./Drivers/CMSIS/DSP/Source/TransformFunctions/arm_rfft_q15.o
LOAD ./Drivers/CMSIS/DSP/Source/TransformFunctions/arm_rfft_q31.o
LOAD ./Drivers/STM32F4xx_HAL_Driver/Src/stm32f4xx_hal.o
LOAD ./Drivers/STM32F4xx_HAL_Driver/Src/stm32f4xx_hal_adc.o
LOAD ./Drivers/STM32F4xx_HAL_Driver/Src/stm32f4xx_hal_adc_ex.o
LOAD ./Drivers/STM32F4xx_HAL_Driver/Src/stm32f4xx_hal_cortex.o
LOAD ./Drivers/STM32F4xx_HAL_Driver/Src/stm32f4xx_hal_dac.o
LOAD ./Drivers/STM32F4xx_HAL_Driver/Src/stm32f4xx_hal_dac_ex.o
LOAD ./Drivers/STM32F4xx_HAL_Driver/Src/stm32f4xx_hal_dma.o
LOAD ./Drivers/STM32F4xx_HAL_Driver/Src/stm32f4xx_hal_dma_ex.o
LOAD ./Drivers/STM32F4xx_HAL_Driver/Src/stm32f4xx_hal_eth.o
LOAD ./Drivers/STM32F4xx_HAL_Driver/Src/stm32f4xx_hal_exti.o
LOAD ./Drivers/STM32F4xx_HAL_Driver/Src/stm32f4xx_hal_flash.o
LOAD ./Drivers/STM32F4xx_HAL_Driver/Src/stm32f4xx_hal_flash_ex.o
LOAD ./Drivers/STM32F4xx_HAL_Driver/Src/stm32f4xx_hal_flash_ramfunc.o
LOAD ./Drivers/STM32F4xx_HAL_Driver/Src/stm32f4xx_hal_gpio.o
LOAD ./Drivers/STM32F4xx_HAL_Driver/Src/stm32f4xx_hal_pcd.o
LOAD ./Drivers/STM32F4xx_HAL_Driver/Src/stm32f4xx_hal_pcd_ex.o
LOAD ./Drivers/STM32F4xx_HAL_Driver/Src/stm32f4xx_hal_pwr.o
LOAD ./Drivers/STM32F4xx_HAL_Driver/Src/stm32f4xx_hal_pwr_ex.o
LOAD ./Drivers/STM32F4xx_HAL_Driver/Src/stm32f4xx_hal_rcc.o
LOAD ./Drivers/STM32F4xx_HAL_Driver/Src/stm32f4xx_hal_rcc_ex.o
LOAD ./Drivers/STM32F4xx_HAL_Driver/Src/stm32f4xx_hal_tim.o
LOAD ./Drivers/STM32F4xx_HAL_Driver/Src/stm32f4xx_hal_tim_ex.o
LOAD ./Drivers/STM32F4xx_HAL_Driver/Src/stm32f4xx_hal_uart.o
LOAD ./Drivers/STM32F4xx_HAL_Driver/Src/stm32f4xx_ll_adc.o
LOAD ./Drivers/STM32F4xx_HAL_Driver/Src/stm32f4xx_ll_usb.o
LOAD C:\Users\ipave\Documentos\GitHub\TCII_STM32\TCII_Filter_429ZI\Drivers\CMSIS\lib\GCC\libarm_cortexM4lf_math.a
START GROUP
LOAD C:/ST/STM32CubeIDE_1.15.1/STM32CubeIDE/plugins/com.st.stm32cube.ide.mcu.externaltools.gnu-tools-for-stm32.12.3.rel1.win32_1.0.100.202403111256/tools/bin/../lib/gcc/arm-none-eabi/12.3.1/../../../../arm-none-eabi/lib/thumb/v7e-m+fp/hard\libc_nano.a
LOAD C:/ST/STM32CubeIDE_1.15.1/STM32CubeIDE/plugins/com.st.stm32cube.ide.mcu.externaltools.gnu-tools-for-stm32.12.3.rel1.win32_1.0.100.202403111256/tools/bin/../lib/gcc/arm-none-eabi/12.3.1/../../../../arm-none-eabi/lib/thumb/v7e-m+fp/hard\libm.a
END GROUP
START GROUP
LOAD C:/ST/STM32CubeIDE_1.15.1/STM32CubeIDE/plugins/com.st.stm32cube.ide.mcu.externaltools.gnu-tools-for-stm32.12.3.rel1.win32_1.0.100.202403111256/tools/bin/../lib/gcc/arm-none-eabi/12.3.1/thumb/v7e-m+fp/hard\libgcc.a
LOAD C:/ST/STM32CubeIDE_1.15.1/STM32CubeIDE/plugins/com.st.stm32cube.ide.mcu.externaltools.gnu-tools-for-stm32.12.3.rel1.win32_1.0.100.202403111256/tools/bin/../lib/gcc/arm-none-eabi/12.3.1/../../../../arm-none-eabi/lib/thumb/v7e-m+fp/hard\libc_nano.a
END GROUP
START GROUP
LOAD C:/ST/STM32CubeIDE_1.15.1/STM32CubeIDE/plugins/com.st.stm32cube.ide.mcu.externaltools.gnu-tools-for-stm32.12.3.rel1.win32_1.0.100.202403111256/tools/bin/../lib/gcc/arm-none-eabi/12.3.1/thumb/v7e-m+fp/hard\libgcc.a
LOAD C:/ST/STM32CubeIDE_1.15.1/STM32CubeIDE/plugins/com.st.stm32cube.ide.mcu.externaltools.gnu-tools-for-stm32.12.3.rel1.win32_1.0.100.202403111256/tools/bin/../lib/gcc/arm-none-eabi/12.3.1/../../../../arm-none-eabi/lib/thumb/v7e-m+fp/hard\libc_nano.a
LOAD C:/ST/STM32CubeIDE_1.15.1/STM32CubeIDE/plugins/com.st.stm32cube.ide.mcu.externaltools.gnu-tools-for-stm32.12.3.rel1.win32_1.0.100.202403111256/tools/bin/../lib/gcc/arm-none-eabi/12.3.1/../../../../arm-none-eabi/lib/thumb/v7e-m+fp/hard\libnosys.a
END GROUP
START GROUP
LOAD C:/ST/STM32CubeIDE_1.15.1/STM32CubeIDE/plugins/com.st.stm32cube.ide.mcu.externaltools.gnu-tools-for-stm32.12.3.rel1.win32_1.0.100.202403111256/tools/bin/../lib/gcc/arm-none-eabi/12.3.1/thumb/v7e-m+fp/hard\libgcc.a
LOAD C:/ST/STM32CubeIDE_1.15.1/STM32CubeIDE/plugins/com.st.stm32cube.ide.mcu.externaltools.gnu-tools-for-stm32.12.3.rel1.win32_1.0.100.202403111256/tools/bin/../lib/gcc/arm-none-eabi/12.3.1/../../../../arm-none-eabi/lib/thumb/v7e-m+fp/hard\libc_nano.a
LOAD C:/ST/STM32CubeIDE_1.15.1/STM32CubeIDE/plugins/com.st.stm32cube.ide.mcu.externaltools.gnu-tools-for-stm32.12.3.rel1.win32_1.0.100.202403111256/tools/bin/../lib/gcc/arm-none-eabi/12.3.1/../../../../arm-none-eabi/lib/thumb/v7e-m+fp/hard\libnosys.a
END GROUP
LOAD C:/ST/STM32CubeIDE_1.15.1/STM32CubeIDE/plugins/com.st.stm32cube.ide.mcu.externaltools.gnu-tools-for-stm32.12.3.rel1.win32_1.0.100.202403111256/tools/bin/../lib/gcc/arm-none-eabi/12.3.1/thumb/v7e-m+fp/hard/crtend.o
LOAD C:/ST/STM32CubeIDE_1.15.1/STM32CubeIDE/plugins/com.st.stm32cube.ide.mcu.externaltools.gnu-tools-for-stm32.12.3.rel1.win32_1.0.100.202403111256/tools/bin/../lib/gcc/arm-none-eabi/12.3.1/thumb/v7e-m+fp/hard/crtn.o
                0x20030000                        _estack = (ORIGIN (RAM) + LENGTH (RAM))
                0x00000200                        _Min_Heap_Size = 0x200
                0x00000400                        _Min_Stack_Size = 0x400

.isr_vector     0x08000000      0x1ac
                0x08000000                        . = ALIGN (0x4)
 *(.isr_vector)
 .isr_vector    0x08000000      0x1ac ./Core/Startup/startup_stm32f429zitx.o
                0x08000000                g_pfnVectors
                0x080001ac                        . = ALIGN (0x4)

.text           0x080001ac     0x2db0
                0x080001ac                        . = ALIGN (0x4)
 *(.text)
 .text          0x080001ac       0x40 C:/ST/STM32CubeIDE_1.15.1/STM32CubeIDE/plugins/com.st.stm32cube.ide.mcu.externaltools.gnu-tools-for-stm32.12.3.rel1.win32_1.0.100.202403111256/tools/bin/../lib/gcc/arm-none-eabi/12.3.1/thumb/v7e-m+fp/hard/crtbegin.o
 .text          0x080001ec       0x30 C:/ST/STM32CubeIDE_1.15.1/STM32CubeIDE/plugins/com.st.stm32cube.ide.mcu.externaltools.gnu-tools-for-stm32.12.3.rel1.win32_1.0.100.202403111256/tools/bin/../lib/gcc/arm-none-eabi/12.3.1/thumb/v7e-m+fp/hard\libgcc.a(_aeabi_uldivmod.o)
                0x080001ec                __aeabi_uldivmod
 .text          0x0800021c      0x2bc C:/ST/STM32CubeIDE_1.15.1/STM32CubeIDE/plugins/com.st.stm32cube.ide.mcu.externaltools.gnu-tools-for-stm32.12.3.rel1.win32_1.0.100.202403111256/tools/bin/../lib/gcc/arm-none-eabi/12.3.1/thumb/v7e-m+fp/hard\libgcc.a(_udivmoddi4.o)
                0x0800021c                __udivmoddi4
 .text          0x080004d8        0x4 C:/ST/STM32CubeIDE_1.15.1/STM32CubeIDE/plugins/com.st.stm32cube.ide.mcu.externaltools.gnu-tools-for-stm32.12.3.rel1.win32_1.0.100.202403111256/tools/bin/../lib/gcc/arm-none-eabi/12.3.1/thumb/v7e-m+fp/hard\libgcc.a(_dvmd_tls.o)
                0x080004d8                __aeabi_idiv0
                0x080004d8                __aeabi_ldiv0
 *(.text*)
 .text.HAL_ADC_ConCpltCallback
                0x080004dc       0x90 ./Core/Src/adc.o
                0x080004dc                HAL_ADC_ConCpltCallback
 .text.ADC_Init
                0x0800056c       0x1c ./Core/Src/adc_port.o
                0x0800056c                ADC_Init
 .text.ADC_Read
                0x08000588        0xc ./Core/Src/adc_port.o
                0x08000588                ADC_Read
 .text.DAC_Init
                0x08000594        0xc ./Core/Src/dac_port.o
                0x08000594                DAC_Init
 .text.DAC_Write
                0x080005a0       0x10 ./Core/Src/dac_port.o
                0x080005a0                DAC_Write
 .text.SystemClock_Config
                0x080005b0       0xa4 ./Core/Src/hw_init.o
                0x080005b0                SystemClock_Config
 .text.MX_NVIC_Init
                0x08000654       0x16 ./Core/Src/hw_init.o
                0x08000654                MX_NVIC_Init
 *fill*         0x0800066a        0x2 
 .text.MX_ADC1_Init
                0x0800066c       0x6c ./Core/Src/hw_init.o
                0x0800066c                MX_ADC1_Init
 .text.MX_DAC_Init
                0x080006d8       0x3c ./Core/Src/hw_init.o
                0x080006d8                MX_DAC_Init
 .text.MX_ETH_Init
                0x08000714       0x70 ./Core/Src/hw_init.o
                0x08000714                MX_ETH_Init
 .text.MX_TIM2_Init
                0x08000784       0x68 ./Core/Src/hw_init.o
                0x08000784                MX_TIM2_Init
 .text.MX_USART3_UART_Init
                0x080007ec       0x34 ./Core/Src/hw_init.o
                0x080007ec                MX_USART3_UART_Init
 .text.MX_USB_OTG_FS_PCD_Init
                0x08000820       0x34 ./Core/Src/hw_init.o
                0x08000820                MX_USB_OTG_FS_PCD_Init
 .text.MX_GPIO_Init
                0x08000854      0x108 ./Core/Src/hw_init.o
                0x08000854                MX_GPIO_Init
 .text.Hard_Init
                0x0800095c       0x2e ./Core/Src/hw_init.o
                0x0800095c                Hard_Init
 *fill*         0x0800098a        0x2 
 .text.startup.main
                0x0800098c      0x124 ./Core/Src/main.o
                0x0800098c                main
 .text.HAL_MspInit
                0x08000ab0       0x38 ./Core/Src/stm32f4xx_hal_msp.o
                0x08000ab0                HAL_MspInit
 .text.HAL_ADC_MspInit
                0x08000ae8       0x64 ./Core/Src/stm32f4xx_hal_msp.o
                0x08000ae8                HAL_ADC_MspInit
 .text.HAL_DAC_MspInit
                0x08000b4c       0x64 ./Core/Src/stm32f4xx_hal_msp.o
                0x08000b4c                HAL_DAC_MspInit
 .text.HAL_ETH_MspInit
                0x08000bb0      0x11c ./Core/Src/stm32f4xx_hal_msp.o
                0x08000bb0                HAL_ETH_MspInit
 .text.HAL_TIM_Base_MspInit
                0x08000ccc       0x2c ./Core/Src/stm32f4xx_hal_msp.o
                0x08000ccc                HAL_TIM_Base_MspInit
 .text.HAL_UART_MspInit
                0x08000cf8       0x6c ./Core/Src/stm32f4xx_hal_msp.o
                0x08000cf8                HAL_UART_MspInit
 .text.HAL_PCD_MspInit
                0x08000d64       0x84 ./Core/Src/stm32f4xx_hal_msp.o
                0x08000d64                HAL_PCD_MspInit
 .text.NMI_Handler
                0x08000de8        0x2 ./Core/Src/stm32f4xx_it.o
                0x08000de8                NMI_Handler
 .text.HardFault_Handler
                0x08000dea        0x2 ./Core/Src/stm32f4xx_it.o
                0x08000dea                HardFault_Handler
 .text.MemManage_Handler
                0x08000dec        0x2 ./Core/Src/stm32f4xx_it.o
                0x08000dec                MemManage_Handler
 .text.BusFault_Handler
                0x08000dee        0x2 ./Core/Src/stm32f4xx_it.o
                0x08000dee                BusFault_Handler
 .text.UsageFault_Handler
                0x08000df0        0x2 ./Core/Src/stm32f4xx_it.o
                0x08000df0                UsageFault_Handler
 .text.SVC_Handler
                0x08000df2        0x2 ./Core/Src/stm32f4xx_it.o
                0x08000df2                SVC_Handler
 .text.DebugMon_Handler
                0x08000df4        0x2 ./Core/Src/stm32f4xx_it.o
                0x08000df4                DebugMon_Handler
 .text.PendSV_Handler
                0x08000df6        0x2 ./Core/Src/stm32f4xx_it.o
                0x08000df6                PendSV_Handler
 .text.SysTick_Handler
                0x08000df8        0x4 ./Core/Src/stm32f4xx_it.o
                0x08000df8                SysTick_Handler
 .text.ADC_IRQHandler
                0x08000dfc       0x18 ./Core/Src/stm32f4xx_it.o
                0x08000dfc                ADC_IRQHandler
 .text.SystemInit
                0x08000e14       0x14 ./Core/Src/system_stm32f4xx.o
                0x08000e14                SystemInit
 .text.Reset_Handler
                0x08000e28       0x50 ./Core/Startup/startup_stm32f429zitx.o
                0x08000e28                Reset_Handler
 .text.Default_Handler
                0x08000e78        0x2 ./Core/Startup/startup_stm32f429zitx.o
                0x08000e78                RTC_Alarm_IRQHandler
                0x08000e78                HASH_RNG_IRQHandler
                0x08000e78                EXTI2_IRQHandler
                0x08000e78                TIM8_CC_IRQHandler
                0x08000e78                UART8_IRQHandler
                0x08000e78                SPI4_IRQHandler
                0x08000e78                TIM1_CC_IRQHandler
                0x08000e78                DMA2_Stream5_IRQHandler
                0x08000e78                DMA1_Stream5_IRQHandler
                0x08000e78                PVD_IRQHandler
                0x08000e78                SDIO_IRQHandler
                0x08000e78                TAMP_STAMP_IRQHandler
                0x08000e78                CAN2_RX1_IRQHandler
                0x08000e78                EXTI3_IRQHandler
                0x08000e78                TIM8_TRG_COM_TIM14_IRQHandler
                0x08000e78                TIM1_UP_TIM10_IRQHandler
                0x08000e78                TIM8_UP_TIM13_IRQHandler
                0x08000e78                I2C3_ER_IRQHandler
                0x08000e78                EXTI0_IRQHandler
                0x08000e78                I2C2_EV_IRQHandler
                0x08000e78                DMA1_Stream2_IRQHandler
                0x08000e78                CAN1_RX0_IRQHandler
                0x08000e78                FPU_IRQHandler
                0x08000e78                OTG_HS_WKUP_IRQHandler
                0x08000e78                LTDC_ER_IRQHandler
                0x08000e78                CAN2_SCE_IRQHandler
                0x08000e78                DMA2_Stream2_IRQHandler
                0x08000e78                SPI1_IRQHandler
                0x08000e78                TIM6_DAC_IRQHandler
                0x08000e78                TIM1_BRK_TIM9_IRQHandler
                0x08000e78                DCMI_IRQHandler
                0x08000e78                CAN2_RX0_IRQHandler
                0x08000e78                DMA2_Stream3_IRQHandler
                0x08000e78                USART6_IRQHandler
                0x08000e78                USART3_IRQHandler
                0x08000e78                CAN1_RX1_IRQHandler
                0x08000e78                UART5_IRQHandler
                0x08000e78                DMA2_Stream0_IRQHandler
                0x08000e78                TIM4_IRQHandler
                0x08000e78                I2C1_EV_IRQHandler
                0x08000e78                DMA1_Stream6_IRQHandler
                0x08000e78                DMA1_Stream1_IRQHandler
                0x08000e78                UART4_IRQHandler
                0x08000e78                TIM3_IRQHandler
                0x08000e78                RCC_IRQHandler
                0x08000e78                TIM8_BRK_TIM12_IRQHandler
                0x08000e78                Default_Handler
                0x08000e78                EXTI15_10_IRQHandler
                0x08000e78                DMA1_Stream7_IRQHandler
                0x08000e78                SPI5_IRQHandler
                0x08000e78                TIM7_IRQHandler
                0x08000e78                CAN2_TX_IRQHandler
                0x08000e78                TIM5_IRQHandler
                0x08000e78                DMA2_Stream7_IRQHandler
                0x08000e78                I2C3_EV_IRQHandler
                0x08000e78                EXTI9_5_IRQHandler
                0x08000e78                RTC_WKUP_IRQHandler
                0x08000e78                LTDC_IRQHandler
                0x08000e78                ETH_WKUP_IRQHandler
                0x08000e78                SPI2_IRQHandler
                0x08000e78                OTG_HS_EP1_IN_IRQHandler
                0x08000e78                DMA1_Stream0_IRQHandler
                0x08000e78                CAN1_TX_IRQHandler
                0x08000e78                EXTI4_IRQHandler
                0x08000e78                ETH_IRQHandler
                0x08000e78                OTG_HS_EP1_OUT_IRQHandler
                0x08000e78                WWDG_IRQHandler
                0x08000e78                SPI6_IRQHandler
                0x08000e78                TIM2_IRQHandler
                0x08000e78                OTG_FS_WKUP_IRQHandler
                0x08000e78                TIM1_TRG_COM_TIM11_IRQHandler
                0x08000e78                OTG_HS_IRQHandler
                0x08000e78                DMA2D_IRQHandler
                0x08000e78                EXTI1_IRQHandler
                0x08000e78                UART7_IRQHandler
                0x08000e78                USART2_IRQHandler
                0x08000e78                I2C2_ER_IRQHandler
                0x08000e78                DMA2_Stream1_IRQHandler
                0x08000e78                CAN1_SCE_IRQHandler
                0x08000e78                FLASH_IRQHandler
                0x08000e78                DMA2_Stream4_IRQHandler
                0x08000e78                USART1_IRQHandler
                0x08000e78                OTG_FS_IRQHandler
                0x08000e78                SPI3_IRQHandler
                0x08000e78                DMA1_Stream4_IRQHandler
                0x08000e78                I2C1_ER_IRQHandler
                0x08000e78                FMC_IRQHandler
                0x08000e78                DMA2_Stream6_IRQHandler
                0x08000e78                SAI1_IRQHandler
                0x08000e78                DMA1_Stream3_IRQHandler
 .text.arm_scale_f32
                0x08000e7a       0x68 ./Drivers/CMSIS/DSP/Source/BasicMathFunctions/arm_scale_f32.o
                0x08000e7a                arm_scale_f32
 .text.arm_biquad_cascade_df1_f32
                0x08000ee2      0x126 ./Drivers/CMSIS/DSP/Source/FilteringFunctions/arm_biquad_cascade_df1_f32.o
                0x08000ee2                arm_biquad_cascade_df1_f32
 .text.arm_biquad_cascade_df1_init_f32
                0x08001008       0x16 ./Drivers/CMSIS/DSP/Source/FilteringFunctions/arm_biquad_cascade_df1_init_f32.o
                0x08001008                arm_biquad_cascade_df1_init_f32
 *fill*         0x0800101e        0x2 
 .text.arm_fir_f32
                0x08001020      0x394 ./Drivers/CMSIS/DSP/Source/FilteringFunctions/arm_fir_f32.o
                0x08001020                arm_fir_f32
 .text.arm_fir_init_f32
                0x080013b4       0x1c ./Drivers/CMSIS/DSP/Source/FilteringFunctions/arm_fir_init_f32.o
                0x080013b4                arm_fir_init_f32
 .text.arm_max_f32
                0x080013d0       0xb0 ./Drivers/CMSIS/DSP/Source/StatisticsFunctions/arm_max_f32.o
                0x080013d0                arm_max_f32
 .text.HAL_InitTick
                0x08001480       0x48 ./Drivers/STM32F4xx_HAL_Driver/Src/stm32f4xx_hal.o
                0x08001480                HAL_InitTick
 .text.HAL_Init
                0x080014c8       0x34 ./Drivers/STM32F4xx_HAL_Driver/Src/stm32f4xx_hal.o
                0x080014c8                HAL_Init
 .text.HAL_IncTick
                0x080014fc       0x18 ./Drivers/STM32F4xx_HAL_Driver/Src/stm32f4xx_hal.o
                0x080014fc                HAL_IncTick
 .text.HAL_GetTick
                0x08001514        0xc ./Drivers/STM32F4xx_HAL_Driver/Src/stm32f4xx_hal.o
                0x08001514                HAL_GetTick
 .text.HAL_Delay
                0x08001520       0x28 ./Drivers/STM32F4xx_HAL_Driver/Src/stm32f4xx_hal.o
                0x08001520                HAL_Delay
 .text.HAL_ADC_Init
                0x08001548      0x14c ./Drivers/STM32F4xx_HAL_Driver/Src/stm32f4xx_hal_adc.o
                0x08001548                HAL_ADC_Init
 .text.HAL_ADC_Start_IT
                0x08001694      0x108 ./Drivers/STM32F4xx_HAL_Driver/Src/stm32f4xx_hal_adc.o
                0x08001694                HAL_ADC_Start_IT
 .text.HAL_ADC_GetValue
                0x0800179c        0x6 ./Drivers/STM32F4xx_HAL_Driver/Src/stm32f4xx_hal_adc.o
                0x0800179c                HAL_ADC_GetValue
 .text.HAL_ADC_ConvCpltCallback
                0x080017a2        0x2 ./Drivers/STM32F4xx_HAL_Driver/Src/stm32f4xx_hal_adc.o
                0x080017a2                HAL_ADC_ConvCpltCallback
 .text.HAL_ADC_LevelOutOfWindowCallback
                0x080017a4        0x2 ./Drivers/STM32F4xx_HAL_Driver/Src/stm32f4xx_hal_adc.o
                0x080017a4                HAL_ADC_LevelOutOfWindowCallback
 .text.HAL_ADC_ErrorCallback
                0x080017a6        0x2 ./Drivers/STM32F4xx_HAL_Driver/Src/stm32f4xx_hal_adc.o
                0x080017a6                HAL_ADC_ErrorCallback
 .text.HAL_ADC_IRQHandler
                0x080017a8      0x11c ./Drivers/STM32F4xx_HAL_Driver/Src/stm32f4xx_hal_adc.o
                0x080017a8                HAL_ADC_IRQHandler
 .text.HAL_ADC_ConfigChannel
                0x080018c4      0x138 ./Drivers/STM32F4xx_HAL_Driver/Src/stm32f4xx_hal_adc.o
                0x080018c4                HAL_ADC_ConfigChannel
 .text.HAL_ADCEx_InjectedConvCpltCallback
                0x080019fc        0x2 ./Drivers/STM32F4xx_HAL_Driver/Src/stm32f4xx_hal_adc_ex.o
                0x080019fc                HAL_ADCEx_InjectedConvCpltCallback
 *fill*         0x080019fe        0x2 
 .text.HAL_NVIC_SetPriorityGrouping
                0x08001a00       0x24 ./Drivers/STM32F4xx_HAL_Driver/Src/stm32f4xx_hal_cortex.o
                0x08001a00                HAL_NVIC_SetPriorityGrouping
 .text.HAL_NVIC_SetPriority
                0x08001a24       0x64 ./Drivers/STM32F4xx_HAL_Driver/Src/stm32f4xx_hal_cortex.o
                0x08001a24                HAL_NVIC_SetPriority
 .text.HAL_NVIC_EnableIRQ
                0x08001a88       0x18 ./Drivers/STM32F4xx_HAL_Driver/Src/stm32f4xx_hal_cortex.o
                0x08001a88                HAL_NVIC_EnableIRQ
 .text.HAL_SYSTICK_Config
                0x08001aa0       0x28 ./Drivers/STM32F4xx_HAL_Driver/Src/stm32f4xx_hal_cortex.o
                0x08001aa0                HAL_SYSTICK_Config
 .text.HAL_DAC_Init
                0x08001ac8       0x26 ./Drivers/STM32F4xx_HAL_Driver/Src/stm32f4xx_hal_dac.o
                0x08001ac8                HAL_DAC_Init
 .text.HAL_DAC_Start
                0x08001aee       0x54 ./Drivers/STM32F4xx_HAL_Driver/Src/stm32f4xx_hal_dac.o
                0x08001aee                HAL_DAC_Start
 .text.HAL_DAC_SetValue
                0x08001b42       0x24 ./Drivers/STM32F4xx_HAL_Driver/Src/stm32f4xx_hal_dac.o
                0x08001b42                HAL_DAC_SetValue
 .text.HAL_DAC_ConfigChannel
                0x08001b66       0x46 ./Drivers/STM32F4xx_HAL_Driver/Src/stm32f4xx_hal_dac.o
                0x08001b66                HAL_DAC_ConfigChannel
 .text.ETH_SetMACConfig
                0x08001bac       0xe4 ./Drivers/STM32F4xx_HAL_Driver/Src/stm32f4xx_hal_eth.o
 .text.ETH_SetDMAConfig
                0x08001c90       0xa4 ./Drivers/STM32F4xx_HAL_Driver/Src/stm32f4xx_hal_eth.o
 .text.HAL_ETH_Init
                0x08001d34      0x1d4 ./Drivers/STM32F4xx_HAL_Driver/Src/stm32f4xx_hal_eth.o
                0x08001d34                HAL_ETH_Init
 .text.HAL_GPIO_Init
                0x08001f08      0x1c8 ./Drivers/STM32F4xx_HAL_Driver/Src/stm32f4xx_hal_gpio.o
                0x08001f08                HAL_GPIO_Init
 .text.HAL_GPIO_WritePin
                0x080020d0        0xa ./Drivers/STM32F4xx_HAL_Driver/Src/stm32f4xx_hal_gpio.o
                0x080020d0                HAL_GPIO_WritePin
 .text.HAL_PCD_Init
                0x080020da      0x104 ./Drivers/STM32F4xx_HAL_Driver/Src/stm32f4xx_hal_pcd.o
                0x080020da                HAL_PCD_Init
 *fill*         0x080021de        0x2 
 .text.HAL_RCC_OscConfig
                0x080021e0      0x35c ./Drivers/STM32F4xx_HAL_Driver/Src/stm32f4xx_hal_rcc.o
                0x080021e0                HAL_RCC_OscConfig
 .text.HAL_RCC_GetSysClockFreq
                0x0800253c       0x5c ./Drivers/STM32F4xx_HAL_Driver/Src/stm32f4xx_hal_rcc.o
                0x0800253c                HAL_RCC_GetSysClockFreq
 .text.HAL_RCC_ClockConfig
                0x08002598      0x134 ./Drivers/STM32F4xx_HAL_Driver/Src/stm32f4xx_hal_rcc.o
                0x08002598                HAL_RCC_ClockConfig
 .text.HAL_RCC_GetPCLK1Freq
                0x080026cc       0x20 ./Drivers/STM32F4xx_HAL_Driver/Src/stm32f4xx_hal_rcc.o
                0x080026cc                HAL_RCC_GetPCLK1Freq
 .text.HAL_RCC_GetPCLK2Freq
                0x080026ec       0x20 ./Drivers/STM32F4xx_HAL_Driver/Src/stm32f4xx_hal_rcc.o
                0x080026ec                HAL_RCC_GetPCLK2Freq
 .text.HAL_TIM_Base_Start
                0x0800270c       0x6c ./Drivers/STM32F4xx_HAL_Driver/Src/stm32f4xx_hal_tim.o
                0x0800270c                HAL_TIM_Base_Start
 .text.TIM_Base_SetConfig
                0x08002778       0xcc ./Drivers/STM32F4xx_HAL_Driver/Src/stm32f4xx_hal_tim.o
                0x08002778                TIM_Base_SetConfig
 .text.HAL_TIM_Base_Init
                0x08002844       0x58 ./Drivers/STM32F4xx_HAL_Driver/Src/stm32f4xx_hal_tim.o
                0x08002844                HAL_TIM_Base_Init
 .text.TIM_ETR_SetConfig
                0x0800289c       0x14 ./Drivers/STM32F4xx_HAL_Driver/Src/stm32f4xx_hal_tim.o
                0x0800289c                TIM_ETR_SetConfig
 .text.HAL_TIM_ConfigClockSource
                0x080028b0      0x132 ./Drivers/STM32F4xx_HAL_Driver/Src/stm32f4xx_hal_tim.o
                0x080028b0                HAL_TIM_ConfigClockSource
 *fill*         0x080029e2        0x2 
 .text.HAL_TIMEx_MasterConfigSynchronization
                0x080029e4       0x7c ./Drivers/STM32F4xx_HAL_Driver/Src/stm32f4xx_hal_tim_ex.o
                0x080029e4                HAL_TIMEx_MasterConfigSynchronization
 .text.UART_SetConfig
                0x08002a60       0xbc ./Drivers/STM32F4xx_HAL_Driver/Src/stm32f4xx_hal_uart.o
 .text.HAL_UART_Init
                0x08002b1c       0x5c ./Drivers/STM32F4xx_HAL_Driver/Src/stm32f4xx_hal_uart.o
                0x08002b1c                HAL_UART_Init
 .text.USB_CoreReset
                0x08002b78       0x4c ./Drivers/STM32F4xx_HAL_Driver/Src/stm32f4xx_ll_usb.o
 .text.USB_CoreInit
                0x08002bc4       0x80 ./Drivers/STM32F4xx_HAL_Driver/Src/stm32f4xx_ll_usb.o
                0x08002bc4                USB_CoreInit
 .text.USB_DisableGlobalInt
                0x08002c44        0xc ./Drivers/STM32F4xx_HAL_Driver/Src/stm32f4xx_ll_usb.o
                0x08002c44                USB_DisableGlobalInt
 .text.USB_SetCurrentMode
                0x08002c50       0x60 ./Drivers/STM32F4xx_HAL_Driver/Src/stm32f4xx_ll_usb.o
                0x08002c50                USB_SetCurrentMode
 .text.USB_FlushTxFifo
                0x08002cb0       0x4c ./Drivers/STM32F4xx_HAL_Driver/Src/stm32f4xx_ll_usb.o
                0x08002cb0                USB_FlushTxFifo
 .text.USB_FlushRxFifo
                0x08002cfc       0x48 ./Drivers/STM32F4xx_HAL_Driver/Src/stm32f4xx_ll_usb.o
                0x08002cfc                USB_FlushRxFifo
 .text.USB_SetDevSpeed
                0x08002d44        0xe ./Drivers/STM32F4xx_HAL_Driver/Src/stm32f4xx_ll_usb.o
                0x08002d44                USB_SetDevSpeed
 *fill*         0x08002d52        0x2 
 .text.USB_DevInit
                0x08002d54      0x17c ./Drivers/STM32F4xx_HAL_Driver/Src/stm32f4xx_ll_usb.o
                0x08002d54                USB_DevInit
 .text.USB_DevDisconnect
                0x08002ed0       0x1c ./Drivers/STM32F4xx_HAL_Driver/Src/stm32f4xx_ll_usb.o
                0x08002ed0                USB_DevDisconnect
 .text.memset   0x08002eec       0x10 C:/ST/STM32CubeIDE_1.15.1/STM32CubeIDE/plugins/com.st.stm32cube.ide.mcu.externaltools.gnu-tools-for-stm32.12.3.rel1.win32_1.0.100.202403111256/tools/bin/../lib/gcc/arm-none-eabi/12.3.1/../../../../arm-none-eabi/lib/thumb/v7e-m+fp/hard\libc_nano.a(libc_a-memset.o)
                0x08002eec                memset
 .text.__libc_init_array
                0x08002efc       0x48 C:/ST/STM32CubeIDE_1.15.1/STM32CubeIDE/plugins/com.st.stm32cube.ide.mcu.externaltools.gnu-tools-for-stm32.12.3.rel1.win32_1.0.100.202403111256/tools/bin/../lib/gcc/arm-none-eabi/12.3.1/../../../../arm-none-eabi/lib/thumb/v7e-m+fp/hard\libc_nano.a(libc_a-init.o)
                0x08002efc                __libc_init_array
 *(.glue_7)
 .glue_7        0x08002f44        0x0 linker stubs
 *(.glue_7t)
 .glue_7t       0x08002f44        0x0 linker stubs
 *(.eh_frame)
 .eh_frame      0x08002f44        0x0 C:/ST/STM32CubeIDE_1.15.1/STM32CubeIDE/plugins/com.st.stm32cube.ide.mcu.externaltools.gnu-tools-for-stm32.12.3.rel1.win32_1.0.100.202403111256/tools/bin/../lib/gcc/arm-none-eabi/12.3.1/thumb/v7e-m+fp/hard/crtbegin.o
 *(.init)
 .init          0x08002f44        0x4 C:/ST/STM32CubeIDE_1.15.1/STM32CubeIDE/plugins/com.st.stm32cube.ide.mcu.externaltools.gnu-tools-for-stm32.12.3.rel1.win32_1.0.100.202403111256/tools/bin/../lib/gcc/arm-none-eabi/12.3.1/thumb/v7e-m+fp/hard/crti.o
                0x08002f44                _init
 .init          0x08002f48        0x8 C:/ST/STM32CubeIDE_1.15.1/STM32CubeIDE/plugins/com.st.stm32cube.ide.mcu.externaltools.gnu-tools-for-stm32.12.3.rel1.win32_1.0.100.202403111256/tools/bin/../lib/gcc/arm-none-eabi/12.3.1/thumb/v7e-m+fp/hard/crtn.o
 *(.fini)
 .fini          0x08002f50        0x4 C:/ST/STM32CubeIDE_1.15.1/STM32CubeIDE/plugins/com.st.stm32cube.ide.mcu.externaltools.gnu-tools-for-stm32.12.3.rel1.win32_1.0.100.202403111256/tools/bin/../lib/gcc/arm-none-eabi/12.3.1/thumb/v7e-m+fp/hard/crti.o
                0x08002f50                _fini
 .fini          0x08002f54        0x8 C:/ST/STM32CubeIDE_1.15.1/STM32CubeIDE/plugins/com.st.stm32cube.ide.mcu.externaltools.gnu-tools-for-stm32.12.3.rel1.win32_1.0.100.202403111256/tools/bin/../lib/gcc/arm-none-eabi/12.3.1/thumb/v7e-m+fp/hard/crtn.o
                0x08002f5c                        . = ALIGN (0x4)
                0x08002f5c                        _etext = .

.vfp11_veneer   0x08002f5c        0x0
 .vfp11_veneer  0x08002f5c        0x0 linker stubs

.v4_bx          0x08002f5c        0x0
 .v4_bx         0x08002f5c        0x0 linker stubs

.iplt           0x08002f5c        0x0
 .iplt          0x08002f5c        0x0 C:/ST/STM32CubeIDE_1.15.1/STM32CubeIDE/plugins/com.st.stm32cube.ide.mcu.externaltools.gnu-tools-for-stm32.12.3.rel1.win32_1.0.100.202403111256/tools/bin/../lib/gcc/arm-none-eabi/12.3.1/thumb/v7e-m+fp/hard/crtbegin.o

.rodata         0x08002f5c       0x18
                0x08002f5c                        . = ALIGN (0x4)
 *(.rodata)
 *(.rodata*)
 .rodata.APBPrescTable
                0x08002f5c        0x8 ./Core/Src/system_stm32f4xx.o
                0x08002f5c                APBPrescTable
 .rodata.AHBPrescTable
                0x08002f64       0x10 ./Core/Src/system_stm32f4xx.o
                0x08002f64                AHBPrescTable
                0x08002f74                        . = ALIGN (0x4)

.ARM.extab      0x08002f74        0x0
                0x08002f74                        . = ALIGN (0x4)
 *(.ARM.extab* .gnu.linkonce.armextab.*)
                0x08002f74                        . = ALIGN (0x4)

.ARM            0x08002f74        0x8
                0x08002f74                        . = ALIGN (0x4)
                0x08002f74                        __exidx_start = .
 *(.ARM.exidx*)
 .ARM.exidx     0x08002f74        0x8 C:/ST/STM32CubeIDE_1.15.1/STM32CubeIDE/plugins/com.st.stm32cube.ide.mcu.externaltools.gnu-tools-for-stm32.12.3.rel1.win32_1.0.100.202403111256/tools/bin/../lib/gcc/arm-none-eabi/12.3.1/thumb/v7e-m+fp/hard\libgcc.a(_udivmoddi4.o)
                0x08002f7c                        __exidx_end = .
                0x08002f7c                        . = ALIGN (0x4)

.preinit_array  0x08002f7c        0x0
                0x08002f7c                        . = ALIGN (0x4)
                0x08002f7c                        PROVIDE (__preinit_array_start = .)
 *(.preinit_array*)
                0x08002f7c                        PROVIDE (__preinit_array_end = .)
                0x08002f7c                        . = ALIGN (0x4)

.init_array     0x08002f7c        0x4
                0x08002f7c                        . = ALIGN (0x4)
                0x08002f7c                        PROVIDE (__init_array_start = .)
 *(SORT_BY_NAME(.init_array.*))
 *(.init_array*)
 .init_array    0x08002f7c        0x4 C:/ST/STM32CubeIDE_1.15.1/STM32CubeIDE/plugins/com.st.stm32cube.ide.mcu.externaltools.gnu-tools-for-stm32.12.3.rel1.win32_1.0.100.202403111256/tools/bin/../lib/gcc/arm-none-eabi/12.3.1/thumb/v7e-m+fp/hard/crtbegin.o
                0x08002f80                        PROVIDE (__init_array_end = .)
                0x08002f80                        . = ALIGN (0x4)

.fini_array     0x08002f80        0x4
                0x08002f80                        . = ALIGN (0x4)
                [!provide]                        PROVIDE (__fini_array_start = .)
 *(SORT_BY_NAME(.fini_array.*))
 *(.fini_array*)
 .fini_array    0x08002f80        0x4 C:/ST/STM32CubeIDE_1.15.1/STM32CubeIDE/plugins/com.st.stm32cube.ide.mcu.externaltools.gnu-tools-for-stm32.12.3.rel1.win32_1.0.100.202403111256/tools/bin/../lib/gcc/arm-none-eabi/12.3.1/thumb/v7e-m+fp/hard/crtbegin.o
                [!provide]                        PROVIDE (__fini_array_end = .)
                0x08002f84                        . = ALIGN (0x4)
                0x08002f84                        _sidata = LOADADDR (.data)

.rel.dyn        0x08002f84        0x0
 .rel.iplt      0x08002f84        0x0 C:/ST/STM32CubeIDE_1.15.1/STM32CubeIDE/plugins/com.st.stm32cube.ide.mcu.externaltools.gnu-tools-for-stm32.12.3.rel1.win32_1.0.100.202403111256/tools/bin/../lib/gcc/arm-none-eabi/12.3.1/thumb/v7e-m+fp/hard/crtbegin.o

.data           0x20000000        0xc load address 0x08002f84
                0x20000000                        . = ALIGN (0x4)
                0x20000000                        _sdata = .
 *(.data)
 *(.data*)
 .data.SystemCoreClock
                0x20000000        0x4 ./Core/Src/system_stm32f4xx.o
                0x20000000                SystemCoreClock
 .data.uwTickFreq
                0x20000004        0x1 ./Drivers/STM32F4xx_HAL_Driver/Src/stm32f4xx_hal.o
                0x20000004                uwTickFreq
 *fill*         0x20000005        0x3 
 .data.uwTickPrio
                0x20000008        0x4 ./Drivers/STM32F4xx_HAL_Driver/Src/stm32f4xx_hal.o
                0x20000008                uwTickPrio
 *(.RamFunc)
 *(.RamFunc*)
                0x2000000c                        . = ALIGN (0x4)
                0x2000000c                        _edata = .
                0x08002f90                        _siccmram = LOADADDR (.ccmram)

.igot.plt       0x2000000c        0x0 load address 0x08002f90
 .igot.plt      0x2000000c        0x0 C:/ST/STM32CubeIDE_1.15.1/STM32CubeIDE/plugins/com.st.stm32cube.ide.mcu.externaltools.gnu-tools-for-stm32.12.3.rel1.win32_1.0.100.202403111256/tools/bin/../lib/gcc/arm-none-eabi/12.3.1/thumb/v7e-m+fp/hard/crtbegin.o

.ccmram         0x10000000        0x0 load address 0x08002f90
                0x10000000                        . = ALIGN (0x4)
                0x10000000                        _sccmram = .
 *(.ccmram)
 *(.ccmram*)
                0x10000000                        . = ALIGN (0x4)
                0x10000000                        _eccmram = .
                0x10000000                        . = ALIGN (0x4)

.bss            0x2000000c     0x6bfc
                0x2000000c                        _sbss = .
                0x2000000c                        __bss_start__ = _sbss
 *(.bss)
 .bss           0x2000000c       0x1c C:/ST/STM32CubeIDE_1.15.1/STM32CubeIDE/plugins/com.st.stm32cube.ide.mcu.externaltools.gnu-tools-for-stm32.12.3.rel1.win32_1.0.100.202403111256/tools/bin/../lib/gcc/arm-none-eabi/12.3.1/thumb/v7e-m+fp/hard/crtbegin.o
 *(.bss*)
 .bss.index.0   0x20000028        0x2 ./Core/Src/adc.o
 .bss.procesar  0x2000002a        0x1 ./Core/Src/adc.o
                0x2000002a                procesar
 .bss.estado    0x2000002b        0x1 ./Core/Src/adc.o
                0x2000002b                estado
 .bss.float_iir_taps
                0x2000002c       0x3c ./Core/Src/filter.o
                0x2000002c                float_iir_taps
 .bss.float_fir_taps
                0x20000068      0x194 ./Core/Src/filter.o
                0x20000068                float_fir_taps
 .bss.MACAddr.0
                0x200001fc        0x6 ./Core/Src/hw_init.o
 *fill*         0x20000202        0x2 
 .bss.hpcd_USB_OTG_FS
                0x20000204      0x50c ./Core/Src/hw_init.o
                0x20000204                hpcd_USB_OTG_FS
 .bss.huart3    0x20000710       0x44 ./Core/Src/hw_init.o
                0x20000710                huart3
 .bss.htim2     0x20000754       0x48 ./Core/Src/hw_init.o
                0x20000754                htim2
 .bss.heth      0x2000079c       0xb0 ./Core/Src/hw_init.o
                0x2000079c                heth
 .bss.hdac      0x2000084c       0x14 ./Core/Src/hw_init.o
                0x2000084c                hdac
 .bss.hadc1     0x20000860       0x48 ./Core/Src/hw_init.o
                0x20000860                hadc1
 .bss.DMATxDscrTab
                0x200008a8       0xa0 ./Core/Src/hw_init.o
                0x200008a8                DMATxDscrTab
 .bss.DMARxDscrTab
                0x20000948       0xa0 ./Core/Src/hw_init.o
                0x20000948                DMARxDscrTab
 .bss.TxConfig  0x200009e8       0x38 ./Core/Src/hw_init.o
                0x200009e8                TxConfig
 .bss.OutputB   0x20000a20     0x1000 ./Core/Src/main.o
                0x20000a20                OutputB
 .bss.OutputA   0x20001a20     0x1000 ./Core/Src/main.o
                0x20001a20                OutputA
 .bss.InputB    0x20002a20     0x1000 ./Core/Src/main.o
                0x20002a20                InputB
 .bss.InputA    0x20003a20     0x1000 ./Core/Src/main.o
                0x20003a20                InputA
 .bss.iir_state
                0x20004a20     0x1038 ./Core/Src/main.o
                0x20004a20                iir_state
 .bss.fir_state
                0x20005a58     0x1190 ./Core/Src/main.o
                0x20005a58                fir_state
 .bss.SIIR      0x20006be8        0xc ./Core/Src/main.o
                0x20006be8                SIIR
 .bss.SFIR      0x20006bf4        0xc ./Core/Src/main.o
                0x20006bf4                SFIR
 .bss.filter    0x20006c00        0x1 ./Core/Src/main.o
                0x20006c00                filter
 *fill*         0x20006c01        0x3 
 .bss.uwTick    0x20006c04        0x4 ./Drivers/STM32F4xx_HAL_Driver/Src/stm32f4xx_hal.o
                0x20006c04                uwTick
 *(COMMON)
                0x20006c08                        . = ALIGN (0x4)
                0x20006c08                        _ebss = .
                0x20006c08                        __bss_end__ = _ebss

._user_heap_stack
                0x20006c08      0x600
                0x20006c08                        . = ALIGN (0x8)
                [!provide]                        PROVIDE (end = .)
                0x20006c08                        PROVIDE (_end = .)
                0x20006e08                        . = (. + _Min_Heap_Size)
 *fill*         0x20006c08      0x200 
                0x20007208                        . = (. + _Min_Stack_Size)
 *fill*         0x20006e08      0x400 
                0x20007208                        . = ALIGN (0x8)

/DISCARD/
 libc.a(*)
 libm.a(*)
 libgcc.a(*)

.ARM.attributes
                0x00000000       0x30
 *(.ARM.attributes)
 .ARM.attributes
                0x00000000       0x22 C:/ST/STM32CubeIDE_1.15.1/STM32CubeIDE/plugins/com.st.stm32cube.ide.mcu.externaltools.gnu-tools-for-stm32.12.3.rel1.win32_1.0.100.202403111256/tools/bin/../lib/gcc/arm-none-eabi/12.3.1/thumb/v7e-m+fp/hard/crti.o
 .ARM.attributes
                0x00000022       0x34 C:/ST/STM32CubeIDE_1.15.1/STM32CubeIDE/plugins/com.st.stm32cube.ide.mcu.externaltools.gnu-tools-for-stm32.12.3.rel1.win32_1.0.100.202403111256/tools/bin/../lib/gcc/arm-none-eabi/12.3.1/thumb/v7e-m+fp/hard/crtbegin.o
 .ARM.attributes
                0x00000056       0x34 ./Core/Src/adc.o
 .ARM.attributes
                0x0000008a       0x34 ./Core/Src/adc_port.o
 .ARM.attributes
                0x000000be       0x34 ./Core/Src/dac_port.o
 .ARM.attributes
                0x000000f2       0x34 ./Core/Src/filter.o
 .ARM.attributes
                0x00000126       0x34 ./Core/Src/hw_init.o
 .ARM.attributes
                0x0000015a       0x34 ./Core/Src/main.o
 .ARM.attributes
                0x0000018e       0x34 ./Core/Src/stm32f4xx_hal_msp.o
 .ARM.attributes
                0x000001c2       0x34 ./Core/Src/stm32f4xx_it.o
 .ARM.attributes
                0x000001f6       0x34 ./Core/Src/system_stm32f4xx.o
 .ARM.attributes
                0x0000022a       0x21 ./Core/Startup/startup_stm32f429zitx.o
 .ARM.attributes
                0x0000024b       0x34 ./Drivers/CMSIS/DSP/Source/BasicMathFunctions/arm_scale_f32.o
 .ARM.attributes
                0x0000027f       0x34 ./Drivers/CMSIS/DSP/Source/FilteringFunctions/arm_biquad_cascade_df1_f32.o
 .ARM.attributes
                0x000002b3       0x34 ./Drivers/CMSIS/DSP/Source/FilteringFunctions/arm_biquad_cascade_df1_init_f32.o
 .ARM.attributes
                0x000002e7       0x34 ./Drivers/CMSIS/DSP/Source/FilteringFunctions/arm_fir_f32.o
 .ARM.attributes
                0x0000031b       0x34 ./Drivers/CMSIS/DSP/Source/FilteringFunctions/arm_fir_init_f32.o
 .ARM.attributes
                0x0000034f       0x34 ./Drivers/CMSIS/DSP/Source/StatisticsFunctions/arm_max_f32.o
 .ARM.attributes
                0x00000383       0x34 ./Drivers/STM32F4xx_HAL_Driver/Src/stm32f4xx_hal.o
 .ARM.attributes
                0x000003b7       0x34 ./Drivers/STM32F4xx_HAL_Driver/Src/stm32f4xx_hal_adc.o
 .ARM.attributes
                0x000003eb       0x34 ./Drivers/STM32F4xx_HAL_Driver/Src/stm32f4xx_hal_adc_ex.o
 .ARM.attributes
                0x0000041f       0x34 ./Drivers/STM32F4xx_HAL_Driver/Src/stm32f4xx_hal_cortex.o
 .ARM.attributes
                0x00000453       0x34 ./Drivers/STM32F4xx_HAL_Driver/Src/stm32f4xx_hal_dac.o
 .ARM.attributes
                0x00000487       0x34 ./Drivers/STM32F4xx_HAL_Driver/Src/stm32f4xx_hal_eth.o
 .ARM.attributes
                0x000004bb       0x34 ./Drivers/STM32F4xx_HAL_Driver/Src/stm32f4xx_hal_gpio.o
 .ARM.attributes
                0x000004ef       0x34 ./Drivers/STM32F4xx_HAL_Driver/Src/stm32f4xx_hal_pcd.o
 .ARM.attributes
                0x00000523       0x34 ./Drivers/STM32F4xx_HAL_Driver/Src/stm32f4xx_hal_rcc.o
 .ARM.attributes
                0x00000557       0x34 ./Drivers/STM32F4xx_HAL_Driver/Src/stm32f4xx_hal_tim.o
 .ARM.attributes
                0x0000058b       0x34 ./Drivers/STM32F4xx_HAL_Driver/Src/stm32f4xx_hal_tim_ex.o
 .ARM.attributes
                0x000005bf       0x34 ./Drivers/STM32F4xx_HAL_Driver/Src/stm32f4xx_hal_uart.o
 .ARM.attributes
                0x000005f3       0x34 ./Drivers/STM32F4xx_HAL_Driver/Src/stm32f4xx_ll_usb.o
 .ARM.attributes
                0x00000627       0x34 C:/ST/STM32CubeIDE_1.15.1/STM32CubeIDE/plugins/com.st.stm32cube.ide.mcu.externaltools.gnu-tools-for-stm32.12.3.rel1.win32_1.0.100.202403111256/tools/bin/../lib/gcc/arm-none-eabi/12.3.1/../../../../arm-none-eabi/lib/thumb/v7e-m+fp/hard\libc_nano.a(libc_a-memset.o)
 .ARM.attributes
                0x0000065b       0x34 C:/ST/STM32CubeIDE_1.15.1/STM32CubeIDE/plugins/com.st.stm32cube.ide.mcu.externaltools.gnu-tools-for-stm32.12.3.rel1.win32_1.0.100.202403111256/tools/bin/../lib/gcc/arm-none-eabi/12.3.1/../../../../arm-none-eabi/lib/thumb/v7e-m+fp/hard\libc_nano.a(libc_a-init.o)
 .ARM.attributes
                0x0000068f       0x22 C:/ST/STM32CubeIDE_1.15.1/STM32CubeIDE/plugins/com.st.stm32cube.ide.mcu.externaltools.gnu-tools-for-stm32.12.3.rel1.win32_1.0.100.202403111256/tools/bin/../lib/gcc/arm-none-eabi/12.3.1/thumb/v7e-m+fp/hard\libgcc.a(_aeabi_uldivmod.o)
 .ARM.attributes
                0x000006b1       0x34 C:/ST/STM32CubeIDE_1.15.1/STM32CubeIDE/plugins/com.st.stm32cube.ide.mcu.externaltools.gnu-tools-for-stm32.12.3.rel1.win32_1.0.100.202403111256/tools/bin/../lib/gcc/arm-none-eabi/12.3.1/thumb/v7e-m+fp/hard\libgcc.a(_udivmoddi4.o)
 .ARM.attributes
                0x000006e5       0x22 C:/ST/STM32CubeIDE_1.15.1/STM32CubeIDE/plugins/com.st.stm32cube.ide.mcu.externaltools.gnu-tools-for-stm32.12.3.rel1.win32_1.0.100.202403111256/tools/bin/../lib/gcc/arm-none-eabi/12.3.1/thumb/v7e-m+fp/hard\libgcc.a(_dvmd_tls.o)
 .ARM.attributes
                0x00000707       0x22 C:/ST/STM32CubeIDE_1.15.1/STM32CubeIDE/plugins/com.st.stm32cube.ide.mcu.externaltools.gnu-tools-for-stm32.12.3.rel1.win32_1.0.100.202403111256/tools/bin/../lib/gcc/arm-none-eabi/12.3.1/thumb/v7e-m+fp/hard/crtn.o
OUTPUT(TCII_Filter_429ZI.elf elf32-littlearm)
LOAD linker stubs
LOAD C:/ST/STM32CubeIDE_1.15.1/STM32CubeIDE/plugins/com.st.stm32cube.ide.mcu.externaltools.gnu-tools-for-stm32.12.3.rel1.win32_1.0.100.202403111256/tools/bin/../lib/gcc/arm-none-eabi/12.3.1/../../../../arm-none-eabi/lib/thumb/v7e-m+fp/hard\libc.a
LOAD C:/ST/STM32CubeIDE_1.15.1/STM32CubeIDE/plugins/com.st.stm32cube.ide.mcu.externaltools.gnu-tools-for-stm32.12.3.rel1.win32_1.0.100.202403111256/tools/bin/../lib/gcc/arm-none-eabi/12.3.1/../../../../arm-none-eabi/lib/thumb/v7e-m+fp/hard\libm.a
LOAD C:/ST/STM32CubeIDE_1.15.1/STM32CubeIDE/plugins/com.st.stm32cube.ide.mcu.externaltools.gnu-tools-for-stm32.12.3.rel1.win32_1.0.100.202403111256/tools/bin/../lib/gcc/arm-none-eabi/12.3.1/thumb/v7e-m+fp/hard\libgcc.a

.comment        0x00000000       0x43
 .comment       0x00000000       0x43 ./Core/Src/adc.o
                                 0x44 (size before relaxing)
 .comment       0x00000043       0x44 ./Core/Src/adc_port.o
 .comment       0x00000043       0x44 ./Core/Src/dac_port.o
 .comment       0x00000043       0x44 ./Core/Src/filter.o
 .comment       0x00000043       0x44 ./Core/Src/hw_init.o
 .comment       0x00000043       0x44 ./Core/Src/main.o
 .comment       0x00000043       0x44 ./Core/Src/stm32f4xx_hal_msp.o
 .comment       0x00000043       0x44 ./Core/Src/stm32f4xx_it.o
 .comment       0x00000043       0x44 ./Core/Src/system_stm32f4xx.o
 .comment       0x00000043       0x44 ./Drivers/CMSIS/DSP/Source/BasicMathFunctions/arm_scale_f32.o
 .comment       0x00000043       0x44 ./Drivers/CMSIS/DSP/Source/FilteringFunctions/arm_biquad_cascade_df1_f32.o
 .comment       0x00000043       0x44 ./Drivers/CMSIS/DSP/Source/FilteringFunctions/arm_biquad_cascade_df1_init_f32.o
 .comment       0x00000043       0x44 ./Drivers/CMSIS/DSP/Source/FilteringFunctions/arm_fir_f32.o
 .comment       0x00000043       0x44 ./Drivers/CMSIS/DSP/Source/FilteringFunctions/arm_fir_init_f32.o
 .comment       0x00000043       0x44 ./Drivers/CMSIS/DSP/Source/StatisticsFunctions/arm_max_f32.o
 .comment       0x00000043       0x44 ./Drivers/STM32F4xx_HAL_Driver/Src/stm32f4xx_hal.o
 .comment       0x00000043       0x44 ./Drivers/STM32F4xx_HAL_Driver/Src/stm32f4xx_hal_adc.o
 .comment       0x00000043       0x44 ./Drivers/STM32F4xx_HAL_Driver/Src/stm32f4xx_hal_adc_ex.o
 .comment       0x00000043       0x44 ./Drivers/STM32F4xx_HAL_Driver/Src/stm32f4xx_hal_cortex.o
 .comment       0x00000043       0x44 ./Drivers/STM32F4xx_HAL_Driver/Src/stm32f4xx_hal_dac.o
 .comment       0x00000043       0x44 ./Drivers/STM32F4xx_HAL_Driver/Src/stm32f4xx_hal_eth.o
 .comment       0x00000043       0x44 ./Drivers/STM32F4xx_HAL_Driver/Src/stm32f4xx_hal_gpio.o
 .comment       0x00000043       0x44 ./Drivers/STM32F4xx_HAL_Driver/Src/stm32f4xx_hal_pcd.o
 .comment       0x00000043       0x44 ./Drivers/STM32F4xx_HAL_Driver/Src/stm32f4xx_hal_rcc.o
 .comment       0x00000043       0x44 ./Drivers/STM32F4xx_HAL_Driver/Src/stm32f4xx_hal_tim.o
 .comment       0x00000043       0x44 ./Drivers/STM32F4xx_HAL_Driver/Src/stm32f4xx_hal_tim_ex.o
 .comment       0x00000043       0x44 ./Drivers/STM32F4xx_HAL_Driver/Src/stm32f4xx_hal_uart.o
 .comment       0x00000043       0x44 ./Drivers/STM32F4xx_HAL_Driver/Src/stm32f4xx_ll_usb.o

.debug_frame    0x00000000       0xac
 .debug_frame   0x00000000       0x20 C:/ST/STM32CubeIDE_1.15.1/STM32CubeIDE/plugins/com.st.stm32cube.ide.mcu.externaltools.gnu-tools-for-stm32.12.3.rel1.win32_1.0.100.202403111256/tools/bin/../lib/gcc/arm-none-eabi/12.3.1/../../../../arm-none-eabi/lib/thumb/v7e-m+fp/hard\libc_nano.a(libc_a-memset.o)
 .debug_frame   0x00000020       0x2c C:/ST/STM32CubeIDE_1.15.1/STM32CubeIDE/plugins/com.st.stm32cube.ide.mcu.externaltools.gnu-tools-for-stm32.12.3.rel1.win32_1.0.100.202403111256/tools/bin/../lib/gcc/arm-none-eabi/12.3.1/../../../../arm-none-eabi/lib/thumb/v7e-m+fp/hard\libc_nano.a(libc_a-init.o)
 .debug_frame   0x0000004c       0x2c C:/ST/STM32CubeIDE_1.15.1/STM32CubeIDE/plugins/com.st.stm32cube.ide.mcu.externaltools.gnu-tools-for-stm32.12.3.rel1.win32_1.0.100.202403111256/tools/bin/../lib/gcc/arm-none-eabi/12.3.1/thumb/v7e-m+fp/hard\libgcc.a(_aeabi_uldivmod.o)
 .debug_frame   0x00000078       0x34 C:/ST/STM32CubeIDE_1.15.1/STM32CubeIDE/plugins/com.st.stm32cube.ide.mcu.externaltools.gnu-tools-for-stm32.12.3.rel1.win32_1.0.100.202403111256/tools/bin/../lib/gcc/arm-none-eabi/12.3.1/thumb/v7e-m+fp/hard\libgcc.a(_udivmoddi4.o)
