../Core/Src/hw_init.c:52:6:SystemClock_Config	88	static,ignoring_inline_asm
../Core/Src/hw_init.c:97:6:MX_NVIC_Init	8	static
../Core/Src/hw_init.c:109:6:MX_ADC1_Init	32	static,ignoring_inline_asm
../Core/Src/hw_init.c:153:6:MX_DAC_Init	16	static,ignoring_inline_asm
../Core/Src/hw_init.c:186:6:MX_ETH_Init	8	static,ignoring_inline_asm
../Core/Src/hw_init.c:222:6:MX_TIM2_Init	32	static,ignoring_inline_asm
../Core/Src/hw_init.c:262:6:MX_USART3_UART_Init	8	static,ignoring_inline_asm
../Core/Src/hw_init.c:286:6:MX_USB_OTG_FS_PCD_Init	8	static,ignoring_inline_asm
../Core/Src/hw_init.c:312:6:MX_GPIO_Init	72	static
../Core/Src/hw_init.c:32:6:Hard_Init	8	static
../Core/Src/hw_init.c:360:6:Error_Handler	0	static,ignoring_inline_asm
