00:36:08 **** Incremental Build of configuration Debug for project TCII_Filter_429ZI ****
make -j16 all 
arm-none-eabi-gcc "../Core/Src/hw_init.c" -mcpu=cortex-m4 -std=gnu11 -g3 -DDEBUG -DARM_MATH_CM4 -DUSE_HAL_DRIVER -DSTM32F429xx -c -I../Core/Inc -I"C:/Users/ipave/Documentos/GitHub/TCII_STM32V2/TCII_Filter_429ZI/Drivers/CMSIS/DSP/Include" -I../Drivers/STM32F4xx_HAL_Driver/Inc -I../Drivers/STM32F4xx_HAL_Driver/Inc/Legacy -I../Drivers/CMSIS/Device/ST/STM32F4xx/Include -I../Drivers/CMSIS/Include -O0 -ffunction-sections -fdata-sections -Wall -fstack-usage -fcyclomatic-complexity -MMD -MP -MF"Core/Src/hw_init.d" -MT"Core/Src/hw_init.o" --specs=nano.specs -mfpu=fpv4-sp-d16 -mfloat-abi=hard -mthumb -o "Core/Src/hw_init.o"
arm-none-eabi-gcc -o "TCII_Filter_429ZI.elf" @"objects.list"  -larm_cortexM4lf_math -mcpu=cortex-m4 -T"C:\Users\ipave\Documentos\GitHub\TCII_STM32V2\TCII_Filter_429ZI\STM32F429ZITX_FLASH.ld" --specs=nosys.specs -Wl,-Map="TCII_Filter_429ZI.map" -Wl,--gc-sections -static -L"C:\Users\ipave\Documentos\GitHub\TCII_STM32V2\TCII_Filter_429ZI\Drivers\CMSIS\lib\GCC" --specs=nano.specs -mfpu=fpv4-sp-d16 -mfloat-abi=hard -mthumb -Wl,--start-group -lc -lm -Wl,--end-group
Finished building target: TCII_Filter_429ZI.elf
 
arm-none-eabi-size  TCII_Filter_429ZI.elf 
arm-none-eabi-objdump -h -S TCII_Filter_429ZI.elf  > "TCII_Filter_429ZI.list"
   text	   data	    bss	    dec	    hex	filename
  18376	     44	  24180	  42600	   a668	TCII_Filter_429ZI.elf
Finished building: default.size.stdout
 
Finished building: TCII_Filter_429ZI.list
 
00:36:12 **** Incremental Build of configuration Debug for project TCII_Filter_429ZI ****
make -j16 all 
arm-none-eabi-size  TCII_Filter_429ZI.elf 
   text	   data	    bss	    dec	    hex	filename
  18376	     44	  24180	  42600	   a668	TCII_Filter_429ZI.elf
Finished building: default.size.stdout
 
00:36:47 **** Incremental Build of configuration Debug for project TCII_Filter_429ZI ****
make -j16 all 
arm-none-eabi-gcc "../Core/Src/hw_init.c" -mcpu=cortex-m4 -std=gnu11 -g3 -DDEBUG -DARM_MATH_CM4 -DUSE_HAL_DRIVER -DSTM32F429xx -c -I../Core/Inc -I"C:/Users/ipave/Documentos/GitHub/TCII_STM32V2/TCII_Filter_429ZI/Drivers/CMSIS/DSP/Include" -I../Drivers/STM32F4xx_HAL_Driver/Inc -I../Drivers/STM32F4xx_HAL_Driver/Inc/Legacy -I../Drivers/CMSIS/Device/ST/STM32F4xx/Include -I../Drivers/CMSIS/Include -O0 -ffunction-sections -fdata-sections -Wall -fstack-usage -fcyclomatic-complexity -MMD -MP -MF"Core/Src/hw_init.d" -MT"Core/Src/hw_init.o" --specs=nano.specs -mfpu=fpv4-sp-d16 -mfloat-abi=hard -mthumb -o "Core/Src/hw_init.o"
arm-none-eabi-gcc "../Core/Src/main.c" -mcpu=cortex-m4 -std=gnu11 -g3 -DDEBUG -DARM_MATH_CM4 -DUSE_HAL_DRIVER -DSTM32F429xx -c -I../Core/Inc -I"C:/Users/ipave/Documentos/GitHub/TCII_STM32V2/TCII_Filter_429ZI/Drivers/CMSIS/DSP/Include" -I../Drivers/STM32F4xx_HAL_Driver/Inc -I../Drivers/STM32F4xx_HAL_Driver/Inc/Legacy -I../Drivers/CMSIS/Device/ST/STM32F4xx/Include -I../Drivers/CMSIS/Include -O0 -ffunction-sections -fdata-sections -Wall -fstack-usage -fcyclomatic-complexity -MMD -MP -MF"Core/Src/main.d" -MT"Core/Src/main.o" --specs=nano.specs -mfpu=fpv4-sp-d16 -mfloat-abi=hard -mthumb -o "Core/Src/main.o"
arm-none-eabi-gcc -o "TCII_Filter_429ZI.elf" @"objects.list"  -larm_cortexM4lf_math -mcpu=cortex-m4 -T"C:\Users\ipave\Documentos\GitHub\TCII_STM32V2\TCII_Filter_429ZI\STM32F429ZITX_FLASH.ld" --specs=nosys.specs -Wl,-Map="TCII_Filter_429ZI.map" -Wl,--gc-sections -static -L"C:\Users\ipave\Documentos\GitHub\TCII_STM32V2\TCII_Filter_429ZI\Drivers\CMSIS\lib\GCC" --specs=nano.specs -mfpu=fpv4-sp-d16 -mfloat-abi=hard -mthumb -Wl,--start-group -lc -lm -Wl,--end-group
Finished building target: TCII_Filter_429ZI.elf
 
arm-none-eabi-size  TCII_Filter_429ZI.elf 
arm-none-eabi-objdump -h -S TCII_Filter_429ZI.elf  > "TCII_Filter_429ZI.list"
   text	   data	    bss	    dec	    hex	filename
  18376	     44	  24180	  42600	   a668	TCII_Filter_429ZI.elf
Finished building: default.size.stdout
 
Finished building: TCII_Filter_429ZI.list
 
00:37:27 **** Incremental Build of configuration Debug for project TCII_Filter_429ZI ****
make -j16 all 
arm-none-eabi-gcc "../Core/Src/hw_init.c" -mcpu=cortex-m4 -std=gnu11 -g3 -DDEBUG -DARM_MATH_CM4 -DUSE_HAL_DRIVER -DSTM32F429xx -c -I../Core/Inc -I"C:/Users/ipave/Documentos/GitHub/TCII_STM32V2/TCII_Filter_429ZI/Drivers/CMSIS/DSP/Include" -I../Drivers/STM32F4xx_HAL_Driver/Inc -I../Drivers/STM32F4xx_HAL_Driver/Inc/Legacy -I../Drivers/CMSIS/Device/ST/STM32F4xx/Include -I../Drivers/CMSIS/Include -O0 -ffunction-sections -fdata-sections -Wall -fstack-usage -fcyclomatic-complexity -MMD -MP -MF"Core/Src/hw_init.d" -MT"Core/Src/hw_init.o" --specs=nano.specs -mfpu=fpv4-sp-d16 -mfloat-abi=hard -mthumb -o "Core/Src/hw_init.o"
arm-none-eabi-gcc "../Core/Src/main.c" -mcpu=cortex-m4 -std=gnu11 -g3 -DDEBUG -DARM_MATH_CM4 -DUSE_HAL_DRIVER -DSTM32F429xx -c -I../Core/Inc -I"C:/Users/ipave/Documentos/GitHub/TCII_STM32V2/TCII_Filter_429ZI/Drivers/CMSIS/DSP/Include" -I../Drivers/STM32F4xx_HAL_Driver/Inc -I../Drivers/STM32F4xx_HAL_Driver/Inc/Legacy -I../Drivers/CMSIS/Device/ST/STM32F4xx/Include -I../Drivers/CMSIS/Include -O0 -ffunction-sections -fdata-sections -Wall -fstack-usage -fcyclomatic-complexity -MMD -MP -MF"Core/Src/main.d" -MT"Core/Src/main.o" --specs=nano.specs -mfpu=fpv4-sp-d16 -mfloat-abi=hard -mthumb -o "Core/Src/main.o"
arm-none-eabi-gcc -o "TCII_Filter_429ZI.elf" @"objects.list"  -larm_cortexM4lf_math -mcpu=cortex-m4 -T"C:\Users\ipave\Documentos\GitHub\TCII_STM32V2\TCII_Filter_429ZI\STM32F429ZITX_FLASH.ld" --specs=nosys.specs -Wl,-Map="TCII_Filter_429ZI.map" -Wl,--gc-sections -static -L"C:\Users\ipave\Documentos\GitHub\TCII_STM32V2\TCII_Filter_429ZI\Drivers\CMSIS\lib\GCC" --specs=nano.specs -mfpu=fpv4-sp-d16 -mfloat-abi=hard -mthumb -Wl,--start-group -lc -lm -Wl,--end-group
Finished building target: TCII_Filter_429ZI.elf
 
arm-none-eabi-size  TCII_Filter_429ZI.elf 
arm-none-eabi-objdump -h -S TCII_Filter_429ZI.elf  > "TCII_Filter_429ZI.list"
   text	   data	    bss	    dec	    hex	filename
  18376	     44	  24180	  42600	   a668	TCII_Filter_429ZI.elf
Finished building: default.size.stdout
 
Finished building: TCII_Filter_429ZI.list
 
00:39:03 **** Incremental Build of configuration Debug for project TCII_Filter_429ZI ****
make -j16 all 
arm-none-eabi-gcc "../Core/Src/hw_init.c" -mcpu=cortex-m4 -std=gnu11 -g3 -DDEBUG -DARM_MATH_CM4 -DUSE_HAL_DRIVER -DSTM32F429xx -c -I../Core/Inc -I"C:/Users/ipave/Documentos/GitHub/TCII_STM32V2/TCII_Filter_429ZI/Drivers/CMSIS/DSP/Include" -I../Drivers/STM32F4xx_HAL_Driver/Inc -I../Drivers/STM32F4xx_HAL_Driver/Inc/Legacy -I../Drivers/CMSIS/Device/ST/STM32F4xx/Include -I../Drivers/CMSIS/Include -O0 -ffunction-sections -fdata-sections -Wall -fstack-usage -fcyclomatic-complexity -MMD -MP -MF"Core/Src/hw_init.d" -MT"Core/Src/hw_init.o" --specs=nano.specs -mfpu=fpv4-sp-d16 -mfloat-abi=hard -mthumb -o "Core/Src/hw_init.o"
arm-none-eabi-gcc -o "TCII_Filter_429ZI.elf" @"objects.list"  -larm_cortexM4lf_math -mcpu=cortex-m4 -T"C:\Users\ipave\Documentos\GitHub\TCII_STM32V2\TCII_Filter_429ZI\STM32F429ZITX_FLASH.ld" --specs=nosys.specs -Wl,-Map="TCII_Filter_429ZI.map" -Wl,--gc-sections -static -L"C:\Users\ipave\Documentos\GitHub\TCII_STM32V2\TCII_Filter_429ZI\Drivers\CMSIS\lib\GCC" --specs=nano.specs -mfpu=fpv4-sp-d16 -mfloat-abi=hard -mthumb -Wl,--start-group -lc -lm -Wl,--end-group
Finished building target: TCII_Filter_429ZI.elf
 
arm-none-eabi-size  TCII_Filter_429ZI.elf 
arm-none-eabi-objdump -h -S TCII_Filter_429ZI.elf  > "TCII_Filter_429ZI.list"
   text	   data	    bss	    dec	    hex	filename
  18376	     44	  24180	  42600	   a668	TCII_Filter_429ZI.elf
Finished building: default.size.stdout
 
Finished building: TCII_Filter_429ZI.list
 
00:39:37 **** Incremental Build of configuration Debug for project TCII_Filter_429ZI ****
make -j16 all 
arm-none-eabi-gcc "../Core/Src/hw_init.c" -mcpu=cortex-m4 -std=gnu11 -g3 -DDEBUG -DARM_MATH_CM4 -DUSE_HAL_DRIVER -DSTM32F429xx -c -I../Core/Inc -I"C:/Users/ipave/Documentos/GitHub/TCII_STM32V2/TCII_Filter_429ZI/Drivers/CMSIS/DSP/Include" -I../Drivers/STM32F4xx_HAL_Driver/Inc -I../Drivers/STM32F4xx_HAL_Driver/Inc/Legacy -I../Drivers/CMSIS/Device/ST/STM32F4xx/Include -I../Drivers/CMSIS/Include -O0 -ffunction-sections -fdata-sections -Wall -fstack-usage -fcyclomatic-complexity -MMD -MP -MF"Core/Src/hw_init.d" -MT"Core/Src/hw_init.o" --specs=nano.specs -mfpu=fpv4-sp-d16 -mfloat-abi=hard -mthumb -o "Core/Src/hw_init.o"
arm-none-eabi-gcc -o "TCII_Filter_429ZI.elf" @"objects.list"  -larm_cortexM4lf_math -mcpu=cortex-m4 -T"C:\Users\ipave\Documentos\GitHub\TCII_STM32V2\TCII_Filter_429ZI\STM32F429ZITX_FLASH.ld" --specs=nosys.specs -Wl,-Map="TCII_Filter_429ZI.map" -Wl,--gc-sections -static -L"C:\Users\ipave\Documentos\GitHub\TCII_STM32V2\TCII_Filter_429ZI\Drivers\CMSIS\lib\GCC" --specs=nano.specs -mfpu=fpv4-sp-d16 -mfloat-abi=hard -mthumb -Wl,--start-group -lc -lm -Wl,--end-group
Finished building target: TCII_Filter_429ZI.elf
 
arm-none-eabi-size  TCII_Filter_429ZI.elf 
arm-none-eabi-objdump -h -S TCII_Filter_429ZI.elf  > "TCII_Filter_429ZI.list"
   text	   data	    bss	    dec	    hex	filename
  18376	     44	  24180	  42600	   a668	TCII_Filter_429ZI.elf
Finished building: default.size.stdout
 
Finished building: TCII_Filter_429ZI.list
 
00:40:25 **** Incremental Build of configuration Debug for project TCII_Filter_429ZI ****
make -j16 all 
arm-none-eabi-gcc "../Core/Src/hw_init.c" -mcpu=cortex-m4 -std=gnu11 -g3 -DDEBUG -DARM_MATH_CM4 -DUSE_HAL_DRIVER -DSTM32F429xx -c -I../Core/Inc -I"C:/Users/ipave/Documentos/GitHub/TCII_STM32V2/TCII_Filter_429ZI/Drivers/CMSIS/DSP/Include" -I../Drivers/STM32F4xx_HAL_Driver/Inc -I../Drivers/STM32F4xx_HAL_Driver/Inc/Legacy -I../Drivers/CMSIS/Device/ST/STM32F4xx/Include -I../Drivers/CMSIS/Include -O0 -ffunction-sections -fdata-sections -Wall -fstack-usage -fcyclomatic-complexity -MMD -MP -MF"Core/Src/hw_init.d" -MT"Core/Src/hw_init.o" --specs=nano.specs -mfpu=fpv4-sp-d16 -mfloat-abi=hard -mthumb -o "Core/Src/hw_init.o"
arm-none-eabi-gcc -o "TCII_Filter_429ZI.elf" @"objects.list"  -larm_cortexM4lf_math -mcpu=cortex-m4 -T"C:\Users\ipave\Documentos\GitHub\TCII_STM32V2\TCII_Filter_429ZI\STM32F429ZITX_FLASH.ld" --specs=nosys.specs -Wl,-Map="TCII_Filter_429ZI.map" -Wl,--gc-sections -static -L"C:\Users\ipave\Documentos\GitHub\TCII_STM32V2\TCII_Filter_429ZI\Drivers\CMSIS\lib\GCC" --specs=nano.specs -mfpu=fpv4-sp-d16 -mfloat-abi=hard -mthumb -Wl,--start-group -lc -lm -Wl,--end-group
Finished building target: TCII_Filter_429ZI.elf
 
arm-none-eabi-size  TCII_Filter_429ZI.elf 
arm-none-eabi-objdump -h -S TCII_Filter_429ZI.elf  > "TCII_Filter_429ZI.list"
   text	   data	    bss	    dec	    hex	filename
  18376	     44	  24180	  42600	   a668	TCII_Filter_429ZI.elf
Finished building: default.size.stdout
 
Finished building: TCII_Filter_429ZI.list
 
00:41:09 **** Incremental Build of configuration Debug for project TCII_Filter_429ZI ****
make -j16 all 
arm-none-eabi-gcc "../Core/Src/hw_init.c" -mcpu=cortex-m4 -std=gnu11 -g3 -DDEBUG -DARM_MATH_CM4 -DUSE_HAL_DRIVER -DSTM32F429xx -c -I../Core/Inc -I"C:/Users/ipave/Documentos/GitHub/TCII_STM32V2/TCII_Filter_429ZI/Drivers/CMSIS/DSP/Include" -I../Drivers/STM32F4xx_HAL_Driver/Inc -I../Drivers/STM32F4xx_HAL_Driver/Inc/Legacy -I../Drivers/CMSIS/Device/ST/STM32F4xx/Include -I../Drivers/CMSIS/Include -O0 -ffunction-sections -fdata-sections -Wall -fstack-usage -fcyclomatic-complexity -MMD -MP -MF"Core/Src/hw_init.d" -MT"Core/Src/hw_init.o" --specs=nano.specs -mfpu=fpv4-sp-d16 -mfloat-abi=hard -mthumb -o "Core/Src/hw_init.o"
arm-none-eabi-gcc -o "TCII_Filter_429ZI.elf" @"objects.list"  -larm_cortexM4lf_math -mcpu=cortex-m4 -T"C:\Users\ipave\Documentos\GitHub\TCII_STM32V2\TCII_Filter_429ZI\STM32F429ZITX_FLASH.ld" --specs=nosys.specs -Wl,-Map="TCII_Filter_429ZI.map" -Wl,--gc-sections -static -L"C:\Users\ipave\Documentos\GitHub\TCII_STM32V2\TCII_Filter_429ZI\Drivers\CMSIS\lib\GCC" --specs=nano.specs -mfpu=fpv4-sp-d16 -mfloat-abi=hard -mthumb -Wl,--start-group -lc -lm -Wl,--end-group
Finished building target: TCII_Filter_429ZI.elf
 
arm-none-eabi-size  TCII_Filter_429ZI.elf 
arm-none-eabi-objdump -h -S TCII_Filter_429ZI.elf  > "TCII_Filter_429ZI.list"
   text	   data	    bss	    dec	    hex	filename
  18376	     44	  24180	  42600	   a668	TCII_Filter_429ZI.elf
Finished building: default.size.stdout
 
Finished building: TCII_Filter_429ZI.list
 
00:44:23 **** Incremental Build of configuration Debug for project TCII_Filter_429ZI ****
make -j16 all 
arm-none-eabi-gcc "../Core/Src/hw_init.c" -mcpu=cortex-m4 -std=gnu11 -g3 -DDEBUG -DARM_MATH_CM4 -DUSE_HAL_DRIVER -DSTM32F429xx -c -I../Core/Inc -I"C:/Users/ipave/Documentos/GitHub/TCII_STM32V2/TCII_Filter_429ZI/Drivers/CMSIS/DSP/Include" -I../Drivers/STM32F4xx_HAL_Driver/Inc -I../Drivers/STM32F4xx_HAL_Driver/Inc/Legacy -I../Drivers/CMSIS/Device/ST/STM32F4xx/Include -I../Drivers/CMSIS/Include -O0 -ffunction-sections -fdata-sections -Wall -fstack-usage -fcyclomatic-complexity -MMD -MP -MF"Core/Src/hw_init.d" -MT"Core/Src/hw_init.o" --specs=nano.specs -mfpu=fpv4-sp-d16 -mfloat-abi=hard -mthumb -o "Core/Src/hw_init.o"
arm-none-eabi-gcc -o "TCII_Filter_429ZI.elf" @"objects.list"  -larm_cortexM4lf_math -mcpu=cortex-m4 -T"C:\Users\ipave\Documentos\GitHub\TCII_STM32V2\TCII_Filter_429ZI\STM32F429ZITX_FLASH.ld" --specs=nosys.specs -Wl,-Map="TCII_Filter_429ZI.map" -Wl,--gc-sections -static -L"C:\Users\ipave\Documentos\GitHub\TCII_STM32V2\TCII_Filter_429ZI\Drivers\CMSIS\lib\GCC" --specs=nano.specs -mfpu=fpv4-sp-d16 -mfloat-abi=hard -mthumb -Wl,--start-group -lc -lm -Wl,--end-group
Finished building target: TCII_Filter_429ZI.elf
 
arm-none-eabi-size  TCII_Filter_429ZI.elf 
arm-none-eabi-objdump -h -S TCII_Filter_429ZI.elf  > "TCII_Filter_429ZI.list"
   text	   data	    bss	    dec	    hex	filename
  18376	     44	  24180	  42600	   a668	TCII_Filter_429ZI.elf
Finished building: default.size.stdout
 
Finished building: TCII_Filter_429ZI.list
 
01:03:18 **** Incremental Build of configuration Debug for project TCII_Filter_429ZI ****
make -j16 all 
arm-none-eabi-gcc "../Core/Src/hw_init.c" -mcpu=cortex-m4 -std=gnu11 -g3 -DDEBUG -DARM_MATH_CM4 -DUSE_HAL_DRIVER -DSTM32F429xx -c -I../Core/Inc -I"C:/Users/ipave/Documentos/GitHub/TCII_STM32V2/TCII_Filter_429ZI/Drivers/CMSIS/DSP/Include" -I../Drivers/STM32F4xx_HAL_Driver/Inc -I../Drivers/STM32F4xx_HAL_Driver/Inc/Legacy -I../Drivers/CMSIS/Device/ST/STM32F4xx/Include -I../Drivers/CMSIS/Include -O0 -ffunction-sections -fdata-sections -Wall -fstack-usage -fcyclomatic-complexity -MMD -MP -MF"Core/Src/hw_init.d" -MT"Core/Src/hw_init.o" --specs=nano.specs -mfpu=fpv4-sp-d16 -mfloat-abi=hard -mthumb -o "Core/Src/hw_init.o"
arm-none-eabi-gcc -o "TCII_Filter_429ZI.elf" @"objects.list"  -larm_cortexM4lf_math -mcpu=cortex-m4 -T"C:\Users\ipave\Documentos\GitHub\TCII_STM32V2\TCII_Filter_429ZI\STM32F429ZITX_FLASH.ld" --specs=nosys.specs -Wl,-Map="TCII_Filter_429ZI.map" -Wl,--gc-sections -static -L"C:\Users\ipave\Documentos\GitHub\TCII_STM32V2\TCII_Filter_429ZI\Drivers\CMSIS\lib\GCC" --specs=nano.specs -mfpu=fpv4-sp-d16 -mfloat-abi=hard -mthumb -Wl,--start-group -lc -lm -Wl,--end-group
Finished building target: TCII_Filter_429ZI.elf
 
arm-none-eabi-size  TCII_Filter_429ZI.elf 
arm-none-eabi-objdump -h -S TCII_Filter_429ZI.elf  > "TCII_Filter_429ZI.list"
   text	   data	    bss	    dec	    hex	filename
  18376	     44	  24180	  42600	   a668	TCII_Filter_429ZI.elf
Finished building: default.size.stdout
 
Finished building: TCII_Filter_429ZI.list
 
01:03:35 **** Incremental Build of configuration Debug for project TCII_Filter_429ZI ****
make -j16 all 
arm-none-eabi-gcc "../Core/Src/hw_init.c" -mcpu=cortex-m4 -std=gnu11 -g3 -DDEBUG -DARM_MATH_CM4 -DUSE_HAL_DRIVER -DSTM32F429xx -c -I../Core/Inc -I"C:/Users/ipave/Documentos/GitHub/TCII_STM32V2/TCII_Filter_429ZI/Drivers/CMSIS/DSP/Include" -I../Drivers/STM32F4xx_HAL_Driver/Inc -I../Drivers/STM32F4xx_HAL_Driver/Inc/Legacy -I../Drivers/CMSIS/Device/ST/STM32F4xx/Include -I../Drivers/CMSIS/Include -O0 -ffunction-sections -fdata-sections -Wall -fstack-usage -fcyclomatic-complexity -MMD -MP -MF"Core/Src/hw_init.d" -MT"Core/Src/hw_init.o" --specs=nano.specs -mfpu=fpv4-sp-d16 -mfloat-abi=hard -mthumb -o "Core/Src/hw_init.o"
arm-none-eabi-gcc "../Core/Src/main.c" -mcpu=cortex-m4 -std=gnu11 -g3 -DDEBUG -DARM_MATH_CM4 -DUSE_HAL_DRIVER -DSTM32F429xx -c -I../Core/Inc -I"C:/Users/ipave/Documentos/GitHub/TCII_STM32V2/TCII_Filter_429ZI/Drivers/CMSIS/DSP/Include" -I../Drivers/STM32F4xx_HAL_Driver/Inc -I../Drivers/STM32F4xx_HAL_Driver/Inc/Legacy -I../Drivers/CMSIS/Device/ST/STM32F4xx/Include -I../Drivers/CMSIS/Include -O0 -ffunction-sections -fdata-sections -Wall -fstack-usage -fcyclomatic-complexity -MMD -MP -MF"Core/Src/main.d" -MT"Core/Src/main.o" --specs=nano.specs -mfpu=fpv4-sp-d16 -mfloat-abi=hard -mthumb -o "Core/Src/main.o"
arm-none-eabi-gcc -o "TCII_Filter_429ZI.elf" @"objects.list"  -larm_cortexM4lf_math -mcpu=cortex-m4 -T"C:\Users\ipave\Documentos\GitHub\TCII_STM32V2\TCII_Filter_429ZI\STM32F429ZITX_FLASH.ld" --specs=nosys.specs -Wl,-Map="TCII_Filter_429ZI.map" -Wl,--gc-sections -static -L"C:\Users\ipave\Documentos\GitHub\TCII_STM32V2\TCII_Filter_429ZI\Drivers\CMSIS\lib\GCC" --specs=nano.specs -mfpu=fpv4-sp-d16 -mfloat-abi=hard -mthumb -Wl,--start-group -lc -lm -Wl,--end-group
Finished building target: TCII_Filter_429ZI.elf
 
arm-none-eabi-size  TCII_Filter_429ZI.elf 
arm-none-eabi-objdump -h -S TCII_Filter_429ZI.elf  > "TCII_Filter_429ZI.list"
   text	   data	    bss	    dec	    hex	filename
  18376	     44	  24180	  42600	   a668	TCII_Filter_429ZI.elf
Finished building: default.size.stdout
 
Finished building: TCII_Filter_429ZI.list
 
01:06:36 **** Incremental Build of configuration Debug for project TCII_Filter_429ZI ****
make -j16 all 
arm-none-eabi-gcc "../Core/Src/hw_init.c" -mcpu=cortex-m4 -std=gnu11 -g3 -DDEBUG -DARM_MATH_CM4 -DUSE_HAL_DRIVER -DSTM32F429xx -c -I../Core/Inc -I"C:/Users/ipave/Documentos/GitHub/TCII_STM32V2/TCII_Filter_429ZI/Drivers/CMSIS/DSP/Include" -I../Drivers/STM32F4xx_HAL_Driver/Inc -I../Drivers/STM32F4xx_HAL_Driver/Inc/Legacy -I../Drivers/CMSIS/Device/ST/STM32F4xx/Include -I../Drivers/CMSIS/Include -O0 -ffunction-sections -fdata-sections -Wall -fstack-usage -fcyclomatic-complexity -MMD -MP -MF"Core/Src/hw_init.d" -MT"Core/Src/hw_init.o" --specs=nano.specs -mfpu=fpv4-sp-d16 -mfloat-abi=hard -mthumb -o "Core/Src/hw_init.o"
arm-none-eabi-gcc "../Core/Src/main.c" -mcpu=cortex-m4 -std=gnu11 -g3 -DDEBUG -DARM_MATH_CM4 -DUSE_HAL_DRIVER -DSTM32F429xx -c -I../Core/Inc -I"C:/Users/ipave/Documentos/GitHub/TCII_STM32V2/TCII_Filter_429ZI/Drivers/CMSIS/DSP/Include" -I../Drivers/STM32F4xx_HAL_Driver/Inc -I../Drivers/STM32F4xx_HAL_Driver/Inc/Legacy -I../Drivers/CMSIS/Device/ST/STM32F4xx/Include -I../Drivers/CMSIS/Include -O0 -ffunction-sections -fdata-sections -Wall -fstack-usage -fcyclomatic-complexity -MMD -MP -MF"Core/Src/main.d" -MT"Core/Src/main.o" --specs=nano.specs -mfpu=fpv4-sp-d16 -mfloat-abi=hard -mthumb -o "Core/Src/main.o"
In file included from ../Core/Src/hw_init.c:8:
../Core/Src/hw_init.c: In function 'SystemClock_Config':
../Core/Inc/hw_init.h:26:15: error: expected expression before ')' token
   26 | #define FBUS ()
      |               ^
../Core/Src/hw_init.c:70:32: note: in expansion of macro 'FBUS'
   70 |   RCC_OscInitStruct.PLL.PLLN = FBUS/1000000;
      |                                ^~~~
make: *** [Core/Src/subdir.mk:49: Core/Src/hw_init.o] Error 1
make: *** Waiting for unfinished jobs....
"make -j16 all" terminated with exit code 2. Build might be incomplete.
01:06:47 **** Incremental Build of configuration Debug for project TCII_Filter_429ZI ****
make -j16 all 
arm-none-eabi-gcc "../Core/Src/hw_init.c" -mcpu=cortex-m4 -std=gnu11 -g3 -DDEBUG -DARM_MATH_CM4 -DUSE_HAL_DRIVER -DSTM32F429xx -c -I../Core/Inc -I"C:/Users/ipave/Documentos/GitHub/TCII_STM32V2/TCII_Filter_429ZI/Drivers/CMSIS/DSP/Include" -I../Drivers/STM32F4xx_HAL_Driver/Inc -I../Drivers/STM32F4xx_HAL_Driver/Inc/Legacy -I../Drivers/CMSIS/Device/ST/STM32F4xx/Include -I../Drivers/CMSIS/Include -O0 -ffunction-sections -fdata-sections -Wall -fstack-usage -fcyclomatic-complexity -MMD -MP -MF"Core/Src/hw_init.d" -MT"Core/Src/hw_init.o" --specs=nano.specs -mfpu=fpv4-sp-d16 -mfloat-abi=hard -mthumb -o "Core/Src/hw_init.o"
In file included from ../Core/Src/hw_init.c:8:
../Core/Src/hw_init.c: In function 'SystemClock_Config':
../Core/Inc/hw_init.h:26:15: error: expected expression before ')' token
   26 | #define FBUS ()
      |               ^
../Core/Src/hw_init.c:70:32: note: in expansion of macro 'FBUS'
   70 |   RCC_OscInitStruct.PLL.PLLN = FBUS/1000000;
      |                                ^~~~
make: *** [Core/Src/subdir.mk:49: Core/Src/hw_init.o] Error 1
"make -j16 all" terminated with exit code 2. Build might be incomplete.
01:07:04 **** Incremental Build of configuration Debug for project TCII_Filter_429ZI ****
make -j16 all 
arm-none-eabi-gcc "../Core/Src/hw_init.c" -mcpu=cortex-m4 -std=gnu11 -g3 -DDEBUG -DARM_MATH_CM4 -DUSE_HAL_DRIVER -DSTM32F429xx -c -I../Core/Inc -I"C:/Users/ipave/Documentos/GitHub/TCII_STM32V2/TCII_Filter_429ZI/Drivers/CMSIS/DSP/Include" -I../Drivers/STM32F4xx_HAL_Driver/Inc -I../Drivers/STM32F4xx_HAL_Driver/Inc/Legacy -I../Drivers/CMSIS/Device/ST/STM32F4xx/Include -I../Drivers/CMSIS/Include -O0 -ffunction-sections -fdata-sections -Wall -fstack-usage -fcyclomatic-complexity -MMD -MP -MF"Core/Src/hw_init.d" -MT"Core/Src/hw_init.o" --specs=nano.specs -mfpu=fpv4-sp-d16 -mfloat-abi=hard -mthumb -o "Core/Src/hw_init.o"
arm-none-eabi-gcc "../Core/Src/main.c" -mcpu=cortex-m4 -std=gnu11 -g3 -DDEBUG -DARM_MATH_CM4 -DUSE_HAL_DRIVER -DSTM32F429xx -c -I../Core/Inc -I"C:/Users/ipave/Documentos/GitHub/TCII_STM32V2/TCII_Filter_429ZI/Drivers/CMSIS/DSP/Include" -I../Drivers/STM32F4xx_HAL_Driver/Inc -I../Drivers/STM32F4xx_HAL_Driver/Inc/Legacy -I../Drivers/CMSIS/Device/ST/STM32F4xx/Include -I../Drivers/CMSIS/Include -O0 -ffunction-sections -fdata-sections -Wall -fstack-usage -fcyclomatic-complexity -MMD -MP -MF"Core/Src/main.d" -MT"Core/Src/main.o" --specs=nano.specs -mfpu=fpv4-sp-d16 -mfloat-abi=hard -mthumb -o "Core/Src/main.o"
../Core/Src/hw_init.c: In function 'SystemClock_Config':
../Core/Src/hw_init.c:70:32: error: 'FBUS' undeclared (first use in this function)
   70 |   RCC_OscInitStruct.PLL.PLLN = FBUS/1000000;
      |                                ^~~~
../Core/Src/hw_init.c:70:32: note: each undeclared identifier is reported only once for each function it appears in
make: *** [Core/Src/subdir.mk:49: Core/Src/hw_init.o] Error 1
make: *** Waiting for unfinished jobs....
"make -j16 all" terminated with exit code 2. Build might be incomplete.
01:07:49 **** Incremental Build of configuration Debug for project TCII_Filter_429ZI ****
make -j16 all 
arm-none-eabi-gcc "../Core/Src/hw_init.c" -mcpu=cortex-m4 -std=gnu11 -g3 -DDEBUG -DARM_MATH_CM4 -DUSE_HAL_DRIVER -DSTM32F429xx -c -I../Core/Inc -I"C:/Users/ipave/Documentos/GitHub/TCII_STM32V2/TCII_Filter_429ZI/Drivers/CMSIS/DSP/Include" -I../Drivers/STM32F4xx_HAL_Driver/Inc -I../Drivers/STM32F4xx_HAL_Driver/Inc/Legacy -I../Drivers/CMSIS/Device/ST/STM32F4xx/Include -I../Drivers/CMSIS/Include -O0 -ffunction-sections -fdata-sections -Wall -fstack-usage -fcyclomatic-complexity -MMD -MP -MF"Core/Src/hw_init.d" -MT"Core/Src/hw_init.o" --specs=nano.specs -mfpu=fpv4-sp-d16 -mfloat-abi=hard -mthumb -o "Core/Src/hw_init.o"
arm-none-eabi-gcc "../Core/Src/main.c" -mcpu=cortex-m4 -std=gnu11 -g3 -DDEBUG -DARM_MATH_CM4 -DUSE_HAL_DRIVER -DSTM32F429xx -c -I../Core/Inc -I"C:/Users/ipave/Documentos/GitHub/TCII_STM32V2/TCII_Filter_429ZI/Drivers/CMSIS/DSP/Include" -I../Drivers/STM32F4xx_HAL_Driver/Inc -I../Drivers/STM32F4xx_HAL_Driver/Inc/Legacy -I../Drivers/CMSIS/Device/ST/STM32F4xx/Include -I../Drivers/CMSIS/Include -O0 -ffunction-sections -fdata-sections -Wall -fstack-usage -fcyclomatic-complexity -MMD -MP -MF"Core/Src/main.d" -MT"Core/Src/main.o" --specs=nano.specs -mfpu=fpv4-sp-d16 -mfloat-abi=hard -mthumb -o "Core/Src/main.o"
arm-none-eabi-gcc -o "TCII_Filter_429ZI.elf" @"objects.list"  -larm_cortexM4lf_math -mcpu=cortex-m4 -T"C:\Users\ipave\Documentos\GitHub\TCII_STM32V2\TCII_Filter_429ZI\STM32F429ZITX_FLASH.ld" --specs=nosys.specs -Wl,-Map="TCII_Filter_429ZI.map" -Wl,--gc-sections -static -L"C:\Users\ipave\Documentos\GitHub\TCII_STM32V2\TCII_Filter_429ZI\Drivers\CMSIS\lib\GCC" --specs=nano.specs -mfpu=fpv4-sp-d16 -mfloat-abi=hard -mthumb -Wl,--start-group -lc -lm -Wl,--end-group
Finished building target: TCII_Filter_429ZI.elf
 
arm-none-eabi-size  TCII_Filter_429ZI.elf 
arm-none-eabi-objdump -h -S TCII_Filter_429ZI.elf  > "TCII_Filter_429ZI.list"
   text	   data	    bss	    dec	    hex	filename
  18376	     44	  24180	  42600	   a668	TCII_Filter_429ZI.elf
Finished building: default.size.stdout
 
Finished building: TCII_Filter_429ZI.list
 
01:09:07 **** Incremental Build of configuration Debug for project TCII_Filter_429ZI ****
make -j16 all 
arm-none-eabi-gcc "../Core/Src/hw_init.c" -mcpu=cortex-m4 -std=gnu11 -g3 -DDEBUG -DARM_MATH_CM4 -DUSE_HAL_DRIVER -DSTM32F429xx -c -I../Core/Inc -I"C:/Users/ipave/Documentos/GitHub/TCII_STM32V2/TCII_Filter_429ZI/Drivers/CMSIS/DSP/Include" -I../Drivers/STM32F4xx_HAL_Driver/Inc -I../Drivers/STM32F4xx_HAL_Driver/Inc/Legacy -I../Drivers/CMSIS/Device/ST/STM32F4xx/Include -I../Drivers/CMSIS/Include -O0 -ffunction-sections -fdata-sections -Wall -fstack-usage -fcyclomatic-complexity -MMD -MP -MF"Core/Src/hw_init.d" -MT"Core/Src/hw_init.o" --specs=nano.specs -mfpu=fpv4-sp-d16 -mfloat-abi=hard -mthumb -o "Core/Src/hw_init.o"
arm-none-eabi-gcc -o "TCII_Filter_429ZI.elf" @"objects.list"  -larm_cortexM4lf_math -mcpu=cortex-m4 -T"C:\Users\ipave\Documentos\GitHub\TCII_STM32V2\TCII_Filter_429ZI\STM32F429ZITX_FLASH.ld" --specs=nosys.specs -Wl,-Map="TCII_Filter_429ZI.map" -Wl,--gc-sections -static -L"C:\Users\ipave\Documentos\GitHub\TCII_STM32V2\TCII_Filter_429ZI\Drivers\CMSIS\lib\GCC" --specs=nano.specs -mfpu=fpv4-sp-d16 -mfloat-abi=hard -mthumb -Wl,--start-group -lc -lm -Wl,--end-group
Finished building target: TCII_Filter_429ZI.elf
 
arm-none-eabi-size  TCII_Filter_429ZI.elf 
arm-none-eabi-objdump -h -S TCII_Filter_429ZI.elf  > "TCII_Filter_429ZI.list"
   text	   data	    bss	    dec	    hex	filename
  18376	     44	  24180	  42600	   a668	TCII_Filter_429ZI.elf
Finished building: default.size.stdout
 
Finished building: TCII_Filter_429ZI.list
 
01:09:20 **** Incremental Build of configuration Debug for project TCII_Filter_429ZI ****
make -j16 all 
arm-none-eabi-size  TCII_Filter_429ZI.elf 
   text	   data	    bss	    dec	    hex	filename
  18376	     44	  24180	  42600	   a668	TCII_Filter_429ZI.elf
Finished building: default.size.stdout
 
01:10:55 **** Incremental Build of configuration Debug for project TCII_Filter_429ZI ****
make -j16 all 
arm-none-eabi-gcc "../Core/Src/hw_init.c" -mcpu=cortex-m4 -std=gnu11 -g3 -DDEBUG -DARM_MATH_CM4 -DUSE_HAL_DRIVER -DSTM32F429xx -c -I../Core/Inc -I"C:/Users/ipave/Documentos/GitHub/TCII_STM32V2/TCII_Filter_429ZI/Drivers/CMSIS/DSP/Include" -I../Drivers/STM32F4xx_HAL_Driver/Inc -I../Drivers/STM32F4xx_HAL_Driver/Inc/Legacy -I../Drivers/CMSIS/Device/ST/STM32F4xx/Include -I../Drivers/CMSIS/Include -O0 -ffunction-sections -fdata-sections -Wall -fstack-usage -fcyclomatic-complexity -MMD -MP -MF"Core/Src/hw_init.d" -MT"Core/Src/hw_init.o" --specs=nano.specs -mfpu=fpv4-sp-d16 -mfloat-abi=hard -mthumb -o "Core/Src/hw_init.o"
arm-none-eabi-gcc -o "TCII_Filter_429ZI.elf" @"objects.list"  -larm_cortexM4lf_math -mcpu=cortex-m4 -T"C:\Users\ipave\Documentos\GitHub\TCII_STM32V2\TCII_Filter_429ZI\STM32F429ZITX_FLASH.ld" --specs=nosys.specs -Wl,-Map="TCII_Filter_429ZI.map" -Wl,--gc-sections -static -L"C:\Users\ipave\Documentos\GitHub\TCII_STM32V2\TCII_Filter_429ZI\Drivers\CMSIS\lib\GCC" --specs=nano.specs -mfpu=fpv4-sp-d16 -mfloat-abi=hard -mthumb -Wl,--start-group -lc -lm -Wl,--end-group
Finished building target: TCII_Filter_429ZI.elf
 
arm-none-eabi-size  TCII_Filter_429ZI.elf 
arm-none-eabi-objdump -h -S TCII_Filter_429ZI.elf  > "TCII_Filter_429ZI.list"
   text	   data	    bss	    dec	    hex	filename
  18376	     44	  24180	  42600	   a668	TCII_Filter_429ZI.elf
Finished building: default.size.stdout
 
Finished building: TCII_Filter_429ZI.list
 
01:11:04 **** Incremental Build of configuration Debug for project TCII_Filter_429ZI ****
make -j16 all 
arm-none-eabi-size  TCII_Filter_429ZI.elf 
   text	   data	    bss	    dec	    hex	filename
  18376	     44	  24180	  42600	   a668	TCII_Filter_429ZI.elf
Finished building: default.size.stdout
 
01:11:10 **** Incremental Build of configuration Debug for project TCII_Filter_429ZI ****
make -j16 all 
arm-none-eabi-size  TCII_Filter_429ZI.elf 
   text	   data	    bss	    dec	    hex	filename
  18376	     44	  24180	  42600	   a668	TCII_Filter_429ZI.elf
Finished building: default.size.stdout
 
01:17:28 **** Incremental Build of configuration Debug for project TCII_Filter_429ZI ****
make -j16 all 
arm-none-eabi-gcc "../Core/Src/hw_init.c" -mcpu=cortex-m4 -std=gnu11 -g3 -DDEBUG -DARM_MATH_CM4 -DUSE_HAL_DRIVER -DSTM32F429xx -c -I../Core/Inc -I"C:/Users/ipave/Documentos/GitHub/TCII_STM32V2/TCII_Filter_429ZI/Drivers/CMSIS/DSP/Include" -I../Drivers/STM32F4xx_HAL_Driver/Inc -I../Drivers/STM32F4xx_HAL_Driver/Inc/Legacy -I../Drivers/CMSIS/Device/ST/STM32F4xx/Include -I../Drivers/CMSIS/Include -O0 -ffunction-sections -fdata-sections -Wall -fstack-usage -fcyclomatic-complexity -MMD -MP -MF"Core/Src/hw_init.d" -MT"Core/Src/hw_init.o" --specs=nano.specs -mfpu=fpv4-sp-d16 -mfloat-abi=hard -mthumb -o "Core/Src/hw_init.o"
arm-none-eabi-gcc "../Core/Src/main.c" -mcpu=cortex-m4 -std=gnu11 -g3 -DDEBUG -DARM_MATH_CM4 -DUSE_HAL_DRIVER -DSTM32F429xx -c -I../Core/Inc -I"C:/Users/ipave/Documentos/GitHub/TCII_STM32V2/TCII_Filter_429ZI/Drivers/CMSIS/DSP/Include" -I../Drivers/STM32F4xx_HAL_Driver/Inc -I../Drivers/STM32F4xx_HAL_Driver/Inc/Legacy -I../Drivers/CMSIS/Device/ST/STM32F4xx/Include -I../Drivers/CMSIS/Include -O0 -ffunction-sections -fdata-sections -Wall -fstack-usage -fcyclomatic-complexity -MMD -MP -MF"Core/Src/main.d" -MT"Core/Src/main.o" --specs=nano.specs -mfpu=fpv4-sp-d16 -mfloat-abi=hard -mthumb -o "Core/Src/main.o"
arm-none-eabi-gcc -o "TCII_Filter_429ZI.elf" @"objects.list"  -larm_cortexM4lf_math -mcpu=cortex-m4 -T"C:\Users\ipave\Documentos\GitHub\TCII_STM32V2\TCII_Filter_429ZI\STM32F429ZITX_FLASH.ld" --specs=nosys.specs -Wl,-Map="TCII_Filter_429ZI.map" -Wl,--gc-sections -static -L"C:\Users\ipave\Documentos\GitHub\TCII_STM32V2\TCII_Filter_429ZI\Drivers\CMSIS\lib\GCC" --specs=nano.specs -mfpu=fpv4-sp-d16 -mfloat-abi=hard -mthumb -Wl,--start-group -lc -lm -Wl,--end-group
Finished building target: TCII_Filter_429ZI.elf
 
arm-none-eabi-size  TCII_Filter_429ZI.elf 
arm-none-eabi-objdump -h -S TCII_Filter_429ZI.elf  > "TCII_Filter_429ZI.list"
   text	   data	    bss	    dec	    hex	filename
  18376	     44	  24180	  42600	   a668	TCII_Filter_429ZI.elf
Finished building: default.size.stdout
 
Finished building: TCII_Filter_429ZI.list
 
01:18:21 **** Incremental Build of configuration Debug for project TCII_Filter_429ZI ****
make -j16 all 
arm-none-eabi-gcc "../Core/Src/hw_init.c" -mcpu=cortex-m4 -std=gnu11 -g3 -DDEBUG -DARM_MATH_CM4 -DUSE_HAL_DRIVER -DSTM32F429xx -c -I../Core/Inc -I"C:/Users/ipave/Documentos/GitHub/TCII_STM32V2/TCII_Filter_429ZI/Drivers/CMSIS/DSP/Include" -I../Drivers/STM32F4xx_HAL_Driver/Inc -I../Drivers/STM32F4xx_HAL_Driver/Inc/Legacy -I../Drivers/CMSIS/Device/ST/STM32F4xx/Include -I../Drivers/CMSIS/Include -O0 -ffunction-sections -fdata-sections -Wall -fstack-usage -fcyclomatic-complexity -MMD -MP -MF"Core/Src/hw_init.d" -MT"Core/Src/hw_init.o" --specs=nano.specs -mfpu=fpv4-sp-d16 -mfloat-abi=hard -mthumb -o "Core/Src/hw_init.o"
arm-none-eabi-gcc "../Core/Src/main.c" -mcpu=cortex-m4 -std=gnu11 -g3 -DDEBUG -DARM_MATH_CM4 -DUSE_HAL_DRIVER -DSTM32F429xx -c -I../Core/Inc -I"C:/Users/ipave/Documentos/GitHub/TCII_STM32V2/TCII_Filter_429ZI/Drivers/CMSIS/DSP/Include" -I../Drivers/STM32F4xx_HAL_Driver/Inc -I../Drivers/STM32F4xx_HAL_Driver/Inc/Legacy -I../Drivers/CMSIS/Device/ST/STM32F4xx/Include -I../Drivers/CMSIS/Include -O0 -ffunction-sections -fdata-sections -Wall -fstack-usage -fcyclomatic-complexity -MMD -MP -MF"Core/Src/main.d" -MT"Core/Src/main.o" --specs=nano.specs -mfpu=fpv4-sp-d16 -mfloat-abi=hard -mthumb -o "Core/Src/main.o"
arm-none-eabi-gcc -o "TCII_Filter_429ZI.elf" @"objects.list"  -larm_cortexM4lf_math -mcpu=cortex-m4 -T"C:\Users\ipave\Documentos\GitHub\TCII_STM32V2\TCII_Filter_429ZI\STM32F429ZITX_FLASH.ld" --specs=nosys.specs -Wl,-Map="TCII_Filter_429ZI.map" -Wl,--gc-sections -static -L"C:\Users\ipave\Documentos\GitHub\TCII_STM32V2\TCII_Filter_429ZI\Drivers\CMSIS\lib\GCC" --specs=nano.specs -mfpu=fpv4-sp-d16 -mfloat-abi=hard -mthumb -Wl,--start-group -lc -lm -Wl,--end-group
Finished building target: TCII_Filter_429ZI.elf
 
arm-none-eabi-size  TCII_Filter_429ZI.elf 
arm-none-eabi-objdump -h -S TCII_Filter_429ZI.elf  > "TCII_Filter_429ZI.list"
   text	   data	    bss	    dec	    hex	filename
  18376	     44	  24180	  42600	   a668	TCII_Filter_429ZI.elf
Finished building: default.size.stdout
 
Finished building: TCII_Filter_429ZI.list
 
01:18:35 **** Incremental Build of configuration Debug for project TCII_Filter_429ZI ****
make -j16 all 
arm-none-eabi-size  TCII_Filter_429ZI.elf 
   text	   data	    bss	    dec	    hex	filename
  18376	     44	  24180	  42600	   a668	TCII_Filter_429ZI.elf
Finished building: default.size.stdout
 
01:19:02 **** Incremental Build of configuration Debug for project TCII_Filter_429ZI ****
make -j16 all 
arm-none-eabi-gcc "../Core/Src/hw_init.c" -mcpu=cortex-m4 -std=gnu11 -g3 -DDEBUG -DARM_MATH_CM4 -DUSE_HAL_DRIVER -DSTM32F429xx -c -I../Core/Inc -I"C:/Users/ipave/Documentos/GitHub/TCII_STM32V2/TCII_Filter_429ZI/Drivers/CMSIS/DSP/Include" -I../Drivers/STM32F4xx_HAL_Driver/Inc -I../Drivers/STM32F4xx_HAL_Driver/Inc/Legacy -I../Drivers/CMSIS/Device/ST/STM32F4xx/Include -I../Drivers/CMSIS/Include -O0 -ffunction-sections -fdata-sections -Wall -fstack-usage -fcyclomatic-complexity -MMD -MP -MF"Core/Src/hw_init.d" -MT"Core/Src/hw_init.o" --specs=nano.specs -mfpu=fpv4-sp-d16 -mfloat-abi=hard -mthumb -o "Core/Src/hw_init.o"
arm-none-eabi-gcc "../Core/Src/main.c" -mcpu=cortex-m4 -std=gnu11 -g3 -DDEBUG -DARM_MATH_CM4 -DUSE_HAL_DRIVER -DSTM32F429xx -c -I../Core/Inc -I"C:/Users/ipave/Documentos/GitHub/TCII_STM32V2/TCII_Filter_429ZI/Drivers/CMSIS/DSP/Include" -I../Drivers/STM32F4xx_HAL_Driver/Inc -I../Drivers/STM32F4xx_HAL_Driver/Inc/Legacy -I../Drivers/CMSIS/Device/ST/STM32F4xx/Include -I../Drivers/CMSIS/Include -O0 -ffunction-sections -fdata-sections -Wall -fstack-usage -fcyclomatic-complexity -MMD -MP -MF"Core/Src/main.d" -MT"Core/Src/main.o" --specs=nano.specs -mfpu=fpv4-sp-d16 -mfloat-abi=hard -mthumb -o "Core/Src/main.o"
arm-none-eabi-gcc -o "TCII_Filter_429ZI.elf" @"objects.list"  -larm_cortexM4lf_math -mcpu=cortex-m4 -T"C:\Users\ipave\Documentos\GitHub\TCII_STM32V2\TCII_Filter_429ZI\STM32F429ZITX_FLASH.ld" --specs=nosys.specs -Wl,-Map="TCII_Filter_429ZI.map" -Wl,--gc-sections -static -L"C:\Users\ipave\Documentos\GitHub\TCII_STM32V2\TCII_Filter_429ZI\Drivers\CMSIS\lib\GCC" --specs=nano.specs -mfpu=fpv4-sp-d16 -mfloat-abi=hard -mthumb -Wl,--start-group -lc -lm -Wl,--end-group
Finished building target: TCII_Filter_429ZI.elf
 
arm-none-eabi-size  TCII_Filter_429ZI.elf 
arm-none-eabi-objdump -h -S TCII_Filter_429ZI.elf  > "TCII_Filter_429ZI.list"
   text	   data	    bss	    dec	    hex	filename
  18376	     44	  24180	  42600	   a668	TCII_Filter_429ZI.elf
Finished building: default.size.stdout
 
Finished building: TCII_Filter_429ZI.list
 
01:19:41 **** Incremental Build of configuration Debug for project TCII_Filter_429ZI ****
make -j16 all 
arm-none-eabi-gcc "../Core/Src/hw_init.c" -mcpu=cortex-m4 -std=gnu11 -g3 -DDEBUG -DARM_MATH_CM4 -DUSE_HAL_DRIVER -DSTM32F429xx -c -I../Core/Inc -I"C:/Users/ipave/Documentos/GitHub/TCII_STM32V2/TCII_Filter_429ZI/Drivers/CMSIS/DSP/Include" -I../Drivers/STM32F4xx_HAL_Driver/Inc -I../Drivers/STM32F4xx_HAL_Driver/Inc/Legacy -I../Drivers/CMSIS/Device/ST/STM32F4xx/Include -I../Drivers/CMSIS/Include -O0 -ffunction-sections -fdata-sections -Wall -fstack-usage -fcyclomatic-complexity -MMD -MP -MF"Core/Src/hw_init.d" -MT"Core/Src/hw_init.o" --specs=nano.specs -mfpu=fpv4-sp-d16 -mfloat-abi=hard -mthumb -o "Core/Src/hw_init.o"
arm-none-eabi-gcc "../Core/Src/main.c" -mcpu=cortex-m4 -std=gnu11 -g3 -DDEBUG -DARM_MATH_CM4 -DUSE_HAL_DRIVER -DSTM32F429xx -c -I../Core/Inc -I"C:/Users/ipave/Documentos/GitHub/TCII_STM32V2/TCII_Filter_429ZI/Drivers/CMSIS/DSP/Include" -I../Drivers/STM32F4xx_HAL_Driver/Inc -I../Drivers/STM32F4xx_HAL_Driver/Inc/Legacy -I../Drivers/CMSIS/Device/ST/STM32F4xx/Include -I../Drivers/CMSIS/Include -O0 -ffunction-sections -fdata-sections -Wall -fstack-usage -fcyclomatic-complexity -MMD -MP -MF"Core/Src/main.d" -MT"Core/Src/main.o" --specs=nano.specs -mfpu=fpv4-sp-d16 -mfloat-abi=hard -mthumb -o "Core/Src/main.o"
arm-none-eabi-gcc -o "TCII_Filter_429ZI.elf" @"objects.list"  -larm_cortexM4lf_math -mcpu=cortex-m4 -T"C:\Users\ipave\Documentos\GitHub\TCII_STM32V2\TCII_Filter_429ZI\STM32F429ZITX_FLASH.ld" --specs=nosys.specs -Wl,-Map="TCII_Filter_429ZI.map" -Wl,--gc-sections -static -L"C:\Users\ipave\Documentos\GitHub\TCII_STM32V2\TCII_Filter_429ZI\Drivers\CMSIS\lib\GCC" --specs=nano.specs -mfpu=fpv4-sp-d16 -mfloat-abi=hard -mthumb -Wl,--start-group -lc -lm -Wl,--end-group
Finished building target: TCII_Filter_429ZI.elf
 
arm-none-eabi-size  TCII_Filter_429ZI.elf 
arm-none-eabi-objdump -h -S TCII_Filter_429ZI.elf  > "TCII_Filter_429ZI.list"
   text	   data	    bss	    dec	    hex	filename
  18376	     44	  24180	  42600	   a668	TCII_Filter_429ZI.elf
Finished building: default.size.stdout
 
Finished building: TCII_Filter_429ZI.list
 
01:20:21 **** Incremental Build of configuration Debug for project TCII_Filter_429ZI ****
make -j16 all 
arm-none-eabi-gcc "../Core/Src/adc.c" -mcpu=cortex-m4 -std=gnu11 -g3 -DDEBUG -DARM_MATH_CM4 -DUSE_HAL_DRIVER -DSTM32F429xx -c -I../Core/Inc -I"C:/Users/ipave/Documentos/GitHub/TCII_STM32V2/TCII_Filter_429ZI/Drivers/CMSIS/DSP/Include" -I../Drivers/STM32F4xx_HAL_Driver/Inc -I../Drivers/STM32F4xx_HAL_Driver/Inc/Legacy -I../Drivers/CMSIS/Device/ST/STM32F4xx/Include -I../Drivers/CMSIS/Include -O0 -ffunction-sections -fdata-sections -Wall -fstack-usage -fcyclomatic-complexity -MMD -MP -MF"Core/Src/adc.d" -MT"Core/Src/adc.o" --specs=nano.specs -mfpu=fpv4-sp-d16 -mfloat-abi=hard -mthumb -o "Core/Src/adc.o"
arm-none-eabi-gcc "../Core/Src/main.c" -mcpu=cortex-m4 -std=gnu11 -g3 -DDEBUG -DARM_MATH_CM4 -DUSE_HAL_DRIVER -DSTM32F429xx -c -I../Core/Inc -I"C:/Users/ipave/Documentos/GitHub/TCII_STM32V2/TCII_Filter_429ZI/Drivers/CMSIS/DSP/Include" -I../Drivers/STM32F4xx_HAL_Driver/Inc -I../Drivers/STM32F4xx_HAL_Driver/Inc/Legacy -I../Drivers/CMSIS/Device/ST/STM32F4xx/Include -I../Drivers/CMSIS/Include -O0 -ffunction-sections -fdata-sections -Wall -fstack-usage -fcyclomatic-complexity -MMD -MP -MF"Core/Src/main.d" -MT"Core/Src/main.o" --specs=nano.specs -mfpu=fpv4-sp-d16 -mfloat-abi=hard -mthumb -o "Core/Src/main.o"
arm-none-eabi-gcc -o "TCII_Filter_429ZI.elf" @"objects.list"  -larm_cortexM4lf_math -mcpu=cortex-m4 -T"C:\Users\ipave\Documentos\GitHub\TCII_STM32V2\TCII_Filter_429ZI\STM32F429ZITX_FLASH.ld" --specs=nosys.specs -Wl,-Map="TCII_Filter_429ZI.map" -Wl,--gc-sections -static -L"C:\Users\ipave\Documentos\GitHub\TCII_STM32V2\TCII_Filter_429ZI\Drivers\CMSIS\lib\GCC" --specs=nano.specs -mfpu=fpv4-sp-d16 -mfloat-abi=hard -mthumb -Wl,--start-group -lc -lm -Wl,--end-group
Finished building target: TCII_Filter_429ZI.elf
 
arm-none-eabi-size  TCII_Filter_429ZI.elf 
arm-none-eabi-objdump -h -S TCII_Filter_429ZI.elf  > "TCII_Filter_429ZI.list"
   text	   data	    bss	    dec	    hex	filename
  22728	     48	  24192	  46968	   b778	TCII_Filter_429ZI.elf
Finished building: default.size.stdout
 
Finished building: TCII_Filter_429ZI.list
 
01:25:18 **** Incremental Build of configuration Debug for project TCII_Filter_429ZI ****
make -j16 all 
arm-none-eabi-gcc "../Core/Src/main.c" -mcpu=cortex-m4 -std=gnu11 -g3 -DDEBUG -DARM_MATH_CM4 -DUSE_HAL_DRIVER -DSTM32F429xx -c -I../Core/Inc -I"C:/Users/ipave/Documentos/GitHub/TCII_STM32V2/TCII_Filter_429ZI/Drivers/CMSIS/DSP/Include" -I../Drivers/STM32F4xx_HAL_Driver/Inc -I../Drivers/STM32F4xx_HAL_Driver/Inc/Legacy -I../Drivers/CMSIS/Device/ST/STM32F4xx/Include -I../Drivers/CMSIS/Include -O0 -ffunction-sections -fdata-sections -Wall -fstack-usage -fcyclomatic-complexity -MMD -MP -MF"Core/Src/main.d" -MT"Core/Src/main.o" --specs=nano.specs -mfpu=fpv4-sp-d16 -mfloat-abi=hard -mthumb -o "Core/Src/main.o"
arm-none-eabi-gcc -o "TCII_Filter_429ZI.elf" @"objects.list"  -larm_cortexM4lf_math -mcpu=cortex-m4 -T"C:\Users\ipave\Documentos\GitHub\TCII_STM32V2\TCII_Filter_429ZI\STM32F429ZITX_FLASH.ld" --specs=nosys.specs -Wl,-Map="TCII_Filter_429ZI.map" -Wl,--gc-sections -static -L"C:\Users\ipave\Documentos\GitHub\TCII_STM32V2\TCII_Filter_429ZI\Drivers\CMSIS\lib\GCC" --specs=nano.specs -mfpu=fpv4-sp-d16 -mfloat-abi=hard -mthumb -Wl,--start-group -lc -lm -Wl,--end-group
Finished building target: TCII_Filter_429ZI.elf
 
arm-none-eabi-size  TCII_Filter_429ZI.elf 
arm-none-eabi-objdump -h -S TCII_Filter_429ZI.elf  > "TCII_Filter_429ZI.list"
   text	   data	    bss	    dec	    hex	filename
  22728	     44	  24188	  46960	   b770	TCII_Filter_429ZI.elf
Finished building: default.size.stdout
 
Finished building: TCII_Filter_429ZI.list
 
